ARM Linker, 5.03 [Build 76] [MDK-ARM Lite]

==============================================================================

Section Cross References

    startup_tm4c123.o(RESET) refers to startup_tm4c123.o(STACK) for __initial_sp
    startup_tm4c123.o(RESET) refers to startup_tm4c123.o(.text) for Reset_Handler
    startup_tm4c123.o(.text) refers to entry.o(.ARM.Collect$$$$00000000) for __main
    sw.o(.text) refers to dio_driver.o(.text) for DIO_vPORTINIT
    sw.o(.text) refers to sw.o(.data) for button_in
    main.o(.text) refers to dio_driver.o(.text) for DIO_vPORTINIT
    main.o(.text) refers to ext_sw.o(.text) for ex_sw_init
    main.o(.text) refers to eeprom.o(.text) for eeprom_init
    main.o(.text) refers to uart0_pc.o(.text) for UART0_INIT
    main.o(.text) refers to uart5.o(.text) for UART5Init
    main.o(.text) refers to systick.o(.text) for SysTick_Init
    main.o(.text) refers to led.o(.text) for LED_LedInit
    main.o(.text) refers to sw.o(.text) for SW_Init
    main.o(.text) refers to mainfun.o(.text) for swich2check
    main.o(.text) refers to mainfun.o(.data) for distance
    main.o(.text) refers to mainfun.o(.bss) for lon_lat
    mainfun.o(.text) refers to sw.o(.text) for SW_ispressed
    mainfun.o(.text) refers to gps.o(.text) for getCurrentLongitude
    mainfun.o(.text) refers to ext_sw.o(.text) for ex_SW_Read
    mainfun.o(.text) refers to f2d.o(.text) for __aeabi_f2d
    mainfun.o(.text) refers to dmul.o(.text) for __aeabi_dmul
    mainfun.o(.text) refers to d2f.o(.text) for __aeabi_d2f
    mainfun.o(.text) refers to sin.o(i.__hardfp_sin) for __hardfp_sin
    mainfun.o(.text) refers to pow.o(i.__hardfp_pow) for __hardfp_pow
    mainfun.o(.text) refers to cos.o(i.__hardfp_cos) for __hardfp_cos
    mainfun.o(.text) refers to dadd.o(.text) for __aeabi_dadd
    mainfun.o(.text) refers to sqrt.o(i.__hardfp_sqrt) for __hardfp_sqrt
    mainfun.o(.text) refers to atan2.o(i.__hardfp_atan2) for __hardfp_atan2
    mainfun.o(.text) refers to systick.o(.text) for SysTick_Wait
    mainfun.o(.text) refers to mainfun.o(.data) for swich2
    mainfun.o(.text) refers to mainfun.o(.bss) for lon_lat
    gps.o(.text) refers to uart5.o(.text) for UART5_read
    gps.o(.text) refers to strlen.o(.text) for strlen
    gps.o(.text) refers to strtok.o(.text) for strtok
    gps.o(.text) refers to strcpy.o(.text) for strcpy
    gps.o(.text) refers to strcmp.o(.text) for strcmp
    gps.o(.text) refers to atof.o(i.__hardfp_atof) for __hardfp_atof
    gps.o(.text) refers to d2f.o(.text) for __aeabi_d2f
    gps.o(.text) refers to gps.o(.data) for GPS_logName
    gps.o(.text) refers to gps.o(.bss) for GPS
    ext_sw.o(.text) refers to dio_driver.o(.text) for DIO_vPORTINIT
    eeprom.o(.text) refers to printf1.o(i.__0printf$1) for __2printf
    eeprom.o(.text) refers to eeprom.o(.constdata) for .constdata
    atan2.o(i.__hardfp_atan2) refers (Special) to iusefp.o(.text) for __I$use$fp
    atan2.o(i.__hardfp_atan2) refers to dadd.o(.text) for __aeabi_dadd
    atan2.o(i.__hardfp_atan2) refers to atan.o(i.atan) for atan
    atan2.o(i.__hardfp_atan2) refers to ddiv.o(.text) for __aeabi_ddiv
    atan2.o(i.__hardfp_atan2) refers to fabs.o(i.fabs) for fabs
    atan2.o(i.__hardfp_atan2) refers to qnan.o(.constdata) for __mathlib_zero
    atan2.o(i.__softfp_atan2) refers (Special) to iusefp.o(.text) for __I$use$fp
    atan2.o(i.__softfp_atan2) refers to atan2.o(i.__hardfp_atan2) for __hardfp_atan2
    atan2.o(i.atan2) refers (Special) to iusefp.o(.text) for __I$use$fp
    atan2.o(i.atan2) refers to atan2.o(i.__hardfp_atan2) for __hardfp_atan2
    atan2_x.o(i.____hardfp_atan2$lsc) refers (Special) to iusefp.o(.text) for __I$use$fp
    atan2_x.o(i.____hardfp_atan2$lsc) refers to dadd.o(.text) for __aeabi_dadd
    atan2_x.o(i.____hardfp_atan2$lsc) refers to atan.o(i.atan) for atan
    atan2_x.o(i.____hardfp_atan2$lsc) refers to errno.o(i.__set_errno) for __set_errno
    atan2_x.o(i.____hardfp_atan2$lsc) refers to ddiv.o(.text) for __aeabi_ddiv
    atan2_x.o(i.____hardfp_atan2$lsc) refers to fabs.o(i.fabs) for fabs
    atan2_x.o(i.____hardfp_atan2$lsc) refers to qnan.o(.constdata) for __mathlib_zero
    atan2_x.o(i.____softfp_atan2$lsc) refers (Special) to iusefp.o(.text) for __I$use$fp
    atan2_x.o(i.____softfp_atan2$lsc) refers to atan2_x.o(i.____hardfp_atan2$lsc) for ____hardfp_atan2$lsc
    atan2_x.o(i.__atan2$lsc) refers (Special) to iusefp.o(.text) for __I$use$fp
    atan2_x.o(i.__atan2$lsc) refers to atan2_x.o(i.____hardfp_atan2$lsc) for ____hardfp_atan2$lsc
    atof.o(i.__hardfp_atof) refers (Special) to iusefp.o(.text) for __I$use$fp
    atof.o(i.__hardfp_atof) refers to errno.o(i.__read_errno) for __read_errno
    atof.o(i.__hardfp_atof) refers to strtod.o(.text) for __strtod_int
    atof.o(i.__hardfp_atof) refers to errno.o(i.__set_errno) for __set_errno
    atof.o(i.__softfp_atof) refers (Special) to iusefp.o(.text) for __I$use$fp
    atof.o(i.__softfp_atof) refers to errno.o(i.__read_errno) for __read_errno
[...]
    printf0.o(i.__0printf$0) refers to fputc.o(i.fputc) for fputc
    printf0.o(i.__0printf$0) refers to stdout.o(.data) for __stdout
    printf0.o(i.__0snprintf$0) refers to printf0.o(i._printf_core) for _printf_core
    printf0.o(i.__0snprintf$0) refers to printf0.o(i._snputc) for _snputc
    printf0.o(i.__0sprintf$0) refers to printf0.o(i._printf_core) for _printf_core
    printf0.o(i.__0sprintf$0) refers to printf0.o(i._sputc) for _sputc
    printf0.o(i.__0vfprintf$0) refers to printf0.o(i._printf_core) for _printf_core
    printf0.o(i.__0vfprintf$0) refers to fputc.o(i.fputc) for fputc
    printf0.o(i.__0vprintf$0) refers to printf0.o(i._printf_core) for _printf_core
    printf0.o(i.__0vprintf$0) refers to fputc.o(i.fputc) for fputc
    printf0.o(i.__0vprintf$0) refers to stdout.o(.data) for __stdout
    printf0.o(i.__0vsnprintf$0) refers to printf0.o(i._printf_core) for _printf_core
    printf0.o(i.__0vsnprintf$0) refers to printf0.o(i._snputc) for _snputc
    printf0.o(i.__0vsprintf$0) refers to printf0.o(i._printf_core) for _printf_core
    printf0.o(i.__0vsprintf$0) refers to printf0.o(i._sputc) for _sputc
    printf1.o(i.__0fprintf$1) refers to printf1.o(i._printf_core) for _printf_core
    printf1.o(i.__0fprintf$1) refers to fputc.o(i.fputc) for fputc
    printf1.o(i.__0printf$1) refers to printf1.o(i._printf_core) for _printf_core
    printf1.o(i.__0printf$1) refers to fputc.o(i.fputc) for fputc
    printf1.o(i.__0printf$1) refers to stdout.o(.data) for __stdout
    printf1.o(i.__0snprintf$1) refers to printf1.o(i._printf_core) for _printf_core
    printf1.o(i.__0snprintf$1) refers to printf1.o(i._snputc) for _snputc
    printf1.o(i.__0sprintf$1) refers to printf1.o(i._printf_core) for _printf_core
    printf1.o(i.__0sprintf$1) refers to printf1.o(i._sputc) for _sputc
    printf1.o(i.__0vfprintf$1) refers to printf1.o(i._printf_core) for _printf_core
    printf1.o(i.__0vfprintf$1) refers to fputc.o(i.fputc) for fputc
    printf1.o(i.__0vprintf$1) refers to printf1.o(i._printf_core) for _printf_core
    printf1.o(i.__0vprintf$1) refers to fputc.o(i.fputc) for fputc
    printf1.o(i.__0vprintf$1) refers to stdout.o(.data) for __stdout
    printf1.o(i.__0vsnprintf$1) refers to printf1.o(i._printf_core) for _printf_core
    printf1.o(i.__0vsnprintf$1) refers to printf1.o(i._snputc) for _snputc
    printf1.o(i.__0vsprintf$1) refers to printf1.o(i._printf_core) for _printf_core
    printf1.o(i.__0vsprintf$1) refers to printf1.o(i._sputc) for _sputc
    printf1.o(i._printf_core) refers to uidiv.o(.text) for __aeabi_uidivmod
    printf2.o(i.__0fprintf$2) refers to printf2.o(i._printf_core) for _printf_core
    printf2.o(i.__0fprintf$2) refers to fputc.o(i.fputc) for fputc
    printf2.o(i.__0printf$2) refers to printf2.o(i._printf_core) for _printf_core
    printf2.o(i.__0printf$2) refers to fputc.o(i.fputc) for fputc
    printf2.o(i.__0printf$2) refers to stdout.o(.data) for __stdout
    printf2.o(i.__0snprintf$2) refers to printf2.o(i._printf_core) for _printf_core
    printf2.o(i.__0snprintf$2) refers to printf2.o(i._snputc) for _snputc
    printf2.o(i.__0sprintf$2) refers to printf2.o(i._printf_core) for _printf_core
    printf2.o(i.__0sprintf$2) refers to printf2.o(i._sputc) for _sputc
    printf2.o(i.__0vfprintf$2) refers to printf2.o(i._printf_core) for _printf_core
    printf2.o(i.__0vfprintf$2) refers to fputc.o(i.fputc) for fputc
    printf2.o(i.__0vprintf$2) refers to printf2.o(i._printf_core) for _printf_core
    printf2.o(i.__0vprintf$2) refers to fputc.o(i.fputc) for fputc
    printf2.o(i.__0vprintf$2) refers to stdout.o(.data) for __stdout
    printf2.o(i.__0vsnprintf$2) refers to printf2.o(i._printf_core) for _printf_core
    printf2.o(i.__0vsnprintf$2) refers to printf2.o(i._snputc) for _snputc
    printf2.o(i.__0vsprintf$2) refers to printf2.o(i._printf_core) for _printf_core
    printf2.o(i.__0vsprintf$2) refers to printf2.o(i._sputc) for _sputc
    printf3.o(i.__0fprintf$3) refers to printf3.o(i._printf_core) for _printf_core
    printf3.o(i.__0fprintf$3) refers to fputc.o(i.fputc) for fputc
    printf3.o(i.__0printf$3) refers to printf3.o(i._printf_core) for _printf_core
    printf3.o(i.__0printf$3) refers to fputc.o(i.fputc) for fputc
    printf3.o(i.__0printf$3) refers to stdout.o(.data) for __stdout
    printf3.o(i.__0snprintf$3) refers to printf3.o(i._printf_core) for _printf_core
    printf3.o(i.__0snprintf$3) refers to printf3.o(i._snputc) for _snputc
    printf3.o(i.__0sprintf$3) refers to printf3.o(i._printf_core) for _printf_core
    printf3.o(i.__0sprintf$3) refers to printf3.o(i._sputc) for _sputc
    printf3.o(i.__0vfprintf$3) refers to printf3.o(i._printf_core) for _printf_core
    printf3.o(i.__0vfprintf$3) refers to fputc.o(i.fputc) for fputc
    printf3.o(i.__0vprintf$3) refers to printf3.o(i._printf_core) for _printf_core
    printf3.o(i.__0vprintf$3) refers to fputc.o(i.fputc) for fputc
    printf3.o(i.__0vprintf$3) refers to stdout.o(.data) for __stdout
    printf3.o(i.__0vsnprintf$3) refers to printf3.o(i._printf_core) for _printf_core
    printf3.o(i.__0vsnprintf$3) refers to printf3.o(i._snputc) for _snputc
    printf3.o(i.__0vsprintf$3) refers to printf3.o(i._printf_core) for _printf_core
    printf3.o(i.__0vsprintf$3) refers to printf3.o(i._sputc) for _sputc
    printf3.o(i._printf_core) refers to uidiv.o(.text) for __aeabi_uidivmod
    printf4.o(i.__0fprintf$4) refers to printf4.o(i._printf_core) for _printf_core
    printf4.o(i.__0fprintf$4) refers to fputc.o(i.fputc) for fputc
    printf4.o(i.__0printf$4) refers to printf4.o(i._printf_core) for _printf_core
    printf4.o(i.__0printf$4) refers to fputc.o(i.fputc) for fputc
    printf4.o(i.__0printf$4) refers to stdout.o(.data) for __stdout
    printf4.o(i.__0snprintf$4) refers to printf4.o(i._printf_core) for _printf_core
    printf4.o(i.__0snprintf$4) refers to printf4.o(i._snputc) for _snputc
    printf4.o(i.__0sprintf$4) refers to printf4.o(i._printf_core) for _printf_core
    printf4.o(i.__0sprintf$4) refers to printf4.o(i._sputc) for _sputc
    printf4.o(i.__0vfprintf$4) refers to printf4.o(i._printf_core) for _printf_core
    printf4.o(i.__0vfprintf$4) refers to fputc.o(i.fputc) for fputc
    printf4.o(i.__0vprintf$4) refers to printf4.o(i._printf_core) for _printf_core
    printf4.o(i.__0vprintf$4) refers to fputc.o(i.fputc) for fputc
    printf4.o(i.__0vprintf$4) refers to stdout.o(.data) for __stdout
    printf4.o(i.__0vsnprintf$4) refers to printf4.o(i._printf_core) for _printf_core
    printf4.o(i.__0vsnprintf$4) refers to printf4.o(i._snputc) for _snputc
    printf4.o(i.__0vsprintf$4) refers to printf4.o(i._printf_core) for _printf_core
    printf4.o(i.__0vsprintf$4) refers to printf4.o(i._sputc) for _sputc
    printf4.o(i._printf_core) refers to uldiv.o(.text) for __aeabi_uldivmod
    printf5.o(i.__0fprintf$5) refers to printf5.o(i._printf_core) for _printf_core
    printf5.o(i.__0fprintf$5) refers to fputc.o(i.fputc) for fputc
    printf5.o(i.__0printf$5) refers to printf5.o(i._printf_core) for _printf_core
    printf5.o(i.__0printf$5) refers to fputc.o(i.fputc) for fputc
    printf5.o(i.__0printf$5) refers to stdout.o(.data) for __stdout
    printf5.o(i.__0snprintf$5) refers to printf5.o(i._printf_core) for _printf_core
    printf5.o(i.__0snprintf$5) refers to printf5.o(i._snputc) for _snputc
    printf5.o(i.__0sprintf$5) refers to printf5.o(i._printf_core) for _printf_core
    printf5.o(i.__0sprintf$5) refers to printf5.o(i._sputc) for _sputc
    printf5.o(i.__0vfprintf$5) refers to printf5.o(i._printf_core) for _printf_core
    printf5.o(i.__0vfprintf$5) refers to fputc.o(i.fputc) for fputc
    printf5.o(i.__0vprintf$5) refers to printf5.o(i._printf_core) for _printf_core
    printf5.o(i.__0vprintf$5) refers to fputc.o(i.fputc) for fputc
    printf5.o(i.__0vprintf$5) refers to stdout.o(.data) for __stdout
    printf5.o(i.__0vsnprintf$5) refers to printf5.o(i._printf_core) for _printf_core
    printf5.o(i.__0vsnprintf$5) refers to printf5.o(i._snputc) for _snputc
    printf5.o(i.__0vsprintf$5) refers to printf5.o(i._printf_core) for _printf_core
    printf5.o(i.__0vsprintf$5) refers to printf5.o(i._sputc) for _sputc
    printf5.o(i._printf_core) refers to uldiv.o(.text) for __aeabi_uldivmod
    printf6.o(i.__0fprintf$6) refers to printf6.o(i._printf_core) for _printf_core
    printf6.o(i.__0fprintf$6) refers to fputc.o(i.fputc) for fputc
    printf6.o(i.__0printf$6) refers to printf6.o(i._printf_core) for _printf_core
    printf6.o(i.__0printf$6) refers to fputc.o(i.fputc) for fputc
    printf6.o(i.__0printf$6) refers to stdout.o(.data) for __stdout
    printf6.o(i.__0snprintf$6) refers to printf6.o(i._printf_core) for _printf_core
    printf6.o(i.__0snprintf$6) refers to printf6.o(i._snputc) for _snputc
    printf6.o(i.__0sprintf$6) refers to printf6.o(i._printf_core) for _printf_core
    printf6.o(i.__0sprintf$6) refers to printf6.o(i._sputc) for _sputc
    printf6.o(i.__0vfprintf$6) refers to printf6.o(i._printf_core) for _printf_core
    printf6.o(i.__0vfprintf$6) refers to fputc.o(i.fputc) for fputc
    printf6.o(i.__0vprintf$6) refers to printf6.o(i._printf_core) for _printf_core
    printf6.o(i.__0vprintf$6) refers to fputc.o(i.fputc) for fputc
    printf6.o(i.__0vprintf$6) refers to stdout.o(.data) for __stdout
    printf6.o(i.__0vsnprintf$6) refers to printf6.o(i._printf_core) for _printf_core
    printf6.o(i.__0vsnprintf$6) refers to printf6.o(i._snputc) for _snputc
    printf6.o(i.__0vsprintf$6) refers to printf6.o(i._printf_core) for _printf_core
    printf6.o(i.__0vsprintf$6) refers to printf6.o(i._sputc) for _sputc
    printf6.o(i._printf_core) refers to printf6.o(i._printf_pre_padding) for _printf_pre_padding
    printf6.o(i._printf_core) refers to uidiv.o(.text) for __aeabi_uidivmod
    printf6.o(i._printf_core) refers to printf6.o(i._printf_post_padding) for _printf_post_padding
    printf7.o(i.__0fprintf$7) refers to printf7.o(i._printf_core) for _printf_core
    printf7.o(i.__0fprintf$7) refers to fputc.o(i.fputc) for fputc
    printf7.o(i.__0printf$7) refers to printf7.o(i._printf_core) for _printf_core
    printf7.o(i.__0printf$7) refers to fputc.o(i.fputc) for fputc
    printf7.o(i.__0printf$7) refers to stdout.o(.data) for __stdout
    printf7.o(i.__0snprintf$7) refers to printf7.o(i._printf_core) for _printf_core
    printf7.o(i.__0snprintf$7) refers to printf7.o(i._snputc) for _snputc
    printf7.o(i.__0sprintf$7) refers to printf7.o(i._printf_core) for _printf_core
    printf7.o(i.__0sprintf$7) refers to printf7.o(i._sputc) for _sputc
    printf7.o(i.__0vfprintf$7) refers to printf7.o(i._printf_core) for _printf_core
    printf7.o(i.__0vfprintf$7) refers to fputc.o(i.fputc) for fputc
    printf7.o(i.__0vprintf$7) refers to printf7.o(i._printf_core) for _printf_core
    printf7.o(i.__0vprintf$7) refers to fputc.o(i.fputc) for fputc
    printf7.o(i.__0vprintf$7) refers to stdout.o(.data) for __stdout
    printf7.o(i.__0vsnprintf$7) refers to printf7.o(i._printf_core) for _printf_core
    printf7.o(i.__0vsnprintf$7) refers to printf7.o(i._snputc) for _snputc
    printf7.o(i.__0vsprintf$7) refers to printf7.o(i._printf_core) for _printf_core
    printf7.o(i.__0vsprintf$7) refers to printf7.o(i._sputc) for _sputc
    printf7.o(i._printf_core) refers to printf7.o(i._printf_pre_padding) for _printf_pre_padding
    printf7.o(i._printf_core) refers to uldiv.o(.text) for __aeabi_uldivmod
    printf7.o(i._printf_core) refers to printf7.o(i._printf_post_padding) for _printf_post_padding
    printf8.o(i.__0fprintf$8) refers to printf8.o(i._printf_core) for _printf_core
    printf8.o(i.__0fprintf$8) refers to fputc.o(i.fputc) for fputc
    printf8.o(i.__0printf$8) refers to printf8.o(i._printf_core) for _printf_core
    printf8.o(i.__0printf$8) refers to fputc.o(i.fputc) for fputc
    printf8.o(i.__0printf$8) refers to stdout.o(.data) for __stdout
    printf8.o(i.__0snprintf$8) refers to printf8.o(i._printf_core) for _printf_core
    printf8.o(i.__0snprintf$8) refers to printf8.o(i._snputc) for _snputc
    printf8.o(i.__0sprintf$8) refers to printf8.o(i._printf_core) for _printf_core
    printf8.o(i.__0sprintf$8) refers to printf8.o(i._sputc) for _sputc
    printf8.o(i.__0vfprintf$8) refers to printf8.o(i._printf_core) for _printf_core
    printf8.o(i.__0vfprintf$8) refers to fputc.o(i.fputc) for fputc
    printf8.o(i.__0vprintf$8) refers to printf8.o(i._printf_core) for _printf_core
    printf8.o(i.__0vprintf$8) refers to fputc.o(i.fputc) for fputc
    printf8.o(i.__0vprintf$8) refers to stdout.o(.data) for __stdout
    printf8.o(i.__0vsnprintf$8) refers to printf8.o(i._printf_core) for _printf_core
    printf8.o(i.__0vsnprintf$8) refers to printf8.o(i._snputc) for _snputc
    printf8.o(i.__0vsprintf$8) refers to printf8.o(i._printf_core) for _printf_core
    printf8.o(i.__0vsprintf$8) refers to printf8.o(i._sputc) for _sputc
    printf8.o(i._printf_core) refers to printf8.o(i._printf_pre_padding) for _printf_pre_padding
    printf8.o(i._printf_core) refers to uldiv.o(.text) for __aeabi_uldivmod
    printf8.o(i._printf_core) refers to printf8.o(i._printf_post_padding) for _printf_post_padding
    printfa.o(i.__0fprintf) refers (Special) to iusefp.o(.text) for __I$use$fp
    printfa.o(i.__0fprintf) refers to printfa.o(i._printf_core) for _printf_core
    printfa.o(i.__0fprintf) refers to fputc.o(i.fputc) for fputc
    printfa.o(i.__0printf) refers (Special) to iusefp.o(.text) for __I$use$fp
    printfa.o(i.__0printf) refers to printfa.o(i._printf_core) for _printf_core
    printfa.o(i.__0printf) refers to fputc.o(i.fputc) for fputc
    printfa.o(i.__0printf) refers to stdout.o(.data) for __stdout
    printfa.o(i.__0snprintf) refers (Special) to iusefp.o(.text) for __I$use$fp
    printfa.o(i.__0snprintf) refers to printfa.o(i._printf_core) for _printf_core
    printfa.o(i.__0snprintf) refers to printfa.o(i._snputc) for _snputc
    printfa.o(i.__0sprintf) refers (Special) to iusefp.o(.text) for __I$use$fp
    printfa.o(i.__0sprintf) refers to printfa.o(i._printf_core) for _printf_core
    printfa.o(i.__0sprintf) refers to printfa.o(i._sputc) for _sputc
    printfa.o(i.__0vfprintf) refers (Special) to iusefp.o(.text) for __I$use$fp
    printfa.o(i.__0vfprintf) refers to printfa.o(i._printf_core) for _printf_core
    printfa.o(i.__0vfprintf) refers to fputc.o(i.fputc) for fputc
    printfa.o(i.__0vprintf) refers (Special) to iusefp.o(.text) for __I$use$fp
    printfa.o(i.__0vprintf) refers to printfa.o(i._printf_core) for _printf_core
    printfa.o(i.__0vprintf) refers to fputc.o(i.fputc) for fputc
    printfa.o(i.__0vprintf) refers to stdout.o(.data) for __stdout
    printfa.o(i.__0vsnprintf) refers (Special) to iusefp.o(.text) for __I$use$fp
    printfa.o(i.__0vsnprintf) refers to printfa.o(i._printf_core) for _printf_core
    printfa.o(i.__0vsnprintf) refers to printfa.o(i._snputc) for _snputc
    printfa.o(i.__0vsprintf) refers (Special) to iusefp.o(.text) for __I$use$fp
    printfa.o(i.__0vsprintf) refers to printfa.o(i._printf_core) for _printf_core
    printfa.o(i.__0vsprintf) refers to printfa.o(i._sputc) for _sputc
    printfa.o(i._fp_digits) refers (Special) to iusefp.o(.text) for __I$use$fp
    printfa.o(i._fp_digits) refers to dmul.o(.text) for __aeabi_dmul
    printfa.o(i._fp_digits) refers to ddiv.o(.text) for __aeabi_ddiv
    printfa.o(i._fp_digits) refers to cdrcmple.o(.text) for __aeabi_cdrcmple
    printfa.o(i._fp_digits) refers to dadd.o(.text) for __aeabi_dadd
    printfa.o(i._fp_digits) refers to dfixul.o(.text) for __aeabi_d2ulz
    printfa.o(i._fp_digits) refers to uldiv.o(.text) for __aeabi_uldivmod
    printfa.o(i._printf_core) refers (Special) to iusefp.o(.text) for __I$use$fp
    printfa.o(i._printf_core) refers to printfa.o(i._printf_pre_padding) for _printf_pre_padding
    printfa.o(i._printf_core) refers to uldiv.o(.text) for __aeabi_uldivmod
    printfa.o(i._printf_core) refers to printfa.o(i._printf_post_padding) for _printf_post_padding
    printfa.o(i._printf_core) refers to printfa.o(i._fp_digits) for _fp_digits
    printfa.o(i._printf_core) refers to uidiv.o(.text) for __aeabi_uidivmod
    printfa.o(i._printf_post_padding) refers (Special) to iusefp.o(.text) for __I$use$fp
    printfa.o(i._printf_pre_padding) refers (Special) to iusefp.o(.text) for __I$use$fp
    printfa.o(i._snputc) refers (Special) to iusefp.o(.text) for __I$use$fp
    printfa.o(i._sputc) refers (Special) to iusefp.o(.text) for __I$use$fp
    dadd.o(.text) refers (Special) to iusefp.o(.text) for __I$use$fp
    dadd.o(.text) refers to llshl.o(.text) for __aeabi_llsl
    dadd.o(.text) refers to llsshr.o(.text) for __aeabi_lasr
    dadd.o(.text) refers to depilogue.o(.text) for _double_epilogue
    dmul.o(.text) refers (Special) to iusefp.o(.text) for __I$use$fp
    dmul.o(.text) refers to depilogue.o(.text) for _double_epilogue
    dneg.o(.text) refers (Special) to iusefp.o(.text) for __I$use$fp
    f2d.o(.text) refers (Special) to iusefp.o(.text) for __I$use$fp
    d2f.o(.text) refers (Special) to iusefp.o(.text) for __I$use$fp
    d2f.o(.text) refers to fepilogue.o(.text) for _float_round
    atan.o(i.__hardfp_atan) refers (Special) to iusefp.o(.text) for __I$use$fp
    atan.o(i.__hardfp_atan) refers to dadd.o(.text) for __aeabi_dadd
    atan.o(i.__hardfp_atan) refers to fpclassify.o(i.__ARM_fpclassify) for __ARM_fpclassify
    atan.o(i.__hardfp_atan) refers to dunder.o(i.__mathlib_dbl_underflow) for __mathlib_dbl_underflow
    atan.o(i.__hardfp_atan) refers to fabs.o(i.fabs) for fabs
    atan.o(i.__hardfp_atan) refers to dmul.o(.text) for __aeabi_dmul
    atan.o(i.__hardfp_atan) refers to ddiv.o(.text) for __aeabi_ddiv
    atan.o(i.__hardfp_atan) refers to poly.o(i.__kernel_poly) for __kernel_poly
    atan.o(i.__hardfp_atan) refers to atan.o(.constdata) for .constdata
    atan.o(i.__softfp_atan) refers (Special) to iusefp.o(.text) for __I$use$fp
    atan.o(i.__softfp_atan) refers to atan.o(i.__hardfp_atan) for __hardfp_atan
    atan.o(i.atan) refers (Special) to iusefp.o(.text) for __I$use$fp
    atan.o(i.atan) refers to atan.o(i.__hardfp_atan) for __hardfp_atan
    atan.o(.constdata) refers (Special) to iusefp.o(.text) for __I$use$fp
    atan_x.o(i.____hardfp_atan$lsc) refers (Special) to iusefp.o(.text) for __I$use$fp
    atan_x.o(i.____hardfp_atan$lsc) refers to dadd.o(.text) for __aeabi_dadd
    atan_x.o(i.____hardfp_atan$lsc) refers to fabs.o(i.fabs) for fabs
    atan_x.o(i.____hardfp_atan$lsc) refers to dmul.o(.text) for __aeabi_dmul
    atan_x.o(i.____hardfp_atan$lsc) refers to ddiv.o(.text) for __aeabi_ddiv
    atan_x.o(i.____hardfp_atan$lsc) refers to poly.o(i.__kernel_poly) for __kernel_poly
    atan_x.o(i.____hardfp_atan$lsc) refers to atan_x.o(.constdata) for .constdata
    atan_x.o(i.____softfp_atan$lsc) refers (Special) to iusefp.o(.text) for __I$use$fp
    atan_x.o(i.____softfp_atan$lsc) refers to atan_x.o(i.____hardfp_atan$lsc) for ____hardfp_atan$lsc
    atan_x.o(i.__atan$lsc) refers (Special) to iusefp.o(.text) for __I$use$fp
    atan_x.o(i.__atan$lsc) refers to atan_x.o(i.____hardfp_atan$lsc) for ____hardfp_atan$lsc
    atan_x.o(.constdata) refers (Special) to iusefp.o(.text) for __I$use$fp
    cos_i.o(i.__kernel_cos) refers (Special) to iusefp.o(.text) for __I$use$fp
    cos_i.o(i.__kernel_cos) refers to dfixi.o(.text) for __aeabi_d2iz
    cos_i.o(i.__kernel_cos) refers to dmul.o(.text) for __aeabi_dmul
    cos_i.o(i.__kernel_cos) refers to poly.o(i.__kernel_poly) for __kernel_poly
    cos_i.o(i.__kernel_cos) refers to dadd.o(.text) for __aeabi_dsub
    cos_i.o(i.__kernel_cos) refers to cos_i.o(.constdata) for .constdata
    cos_i.o(.constdata) refers (Special) to iusefp.o(.text) for __I$use$fp
    dunder.o(i.__mathlib_dbl_underflow) refers to dmul.o(.text) for __aeabi_dmul
    fabs.o(i.__hardfp_fabs) refers (Special) to iusefp.o(.text) for __I$use$fp
    fabs.o(i.__softfp_fabs) refers (Special) to iusefp.o(.text) for __I$use$fp
    fabs.o(i.fabs) refers (Special) to iusefp.o(.text) for __I$use$fp
    fpclassify.o(i.__ARM_fpclassify) refers (Special) to iusefp.o(.text) for __I$use$fp
    poly.o(i.__kernel_poly) refers (Special) to iusefp.o(.text) for __I$use$fp
    poly.o(i.__kernel_poly) refers to dmul.o(.text) for __aeabi_dmul
    poly.o(i.__kernel_poly) refers to dadd.o(.text) for __aeabi_dadd
    qnan.o(.constdata) refers (Special) to iusefp.o(.text) for __I$use$fp
    rred.o(i.__ieee754_rem_pio2) refers (Special) to iusefp.o(.text) for __I$use$fp
    rred.o(i.__ieee754_rem_pio2) refers to dadd.o(.text) for __aeabi_dsub
    rred.o(i.__ieee754_rem_pio2) refers to fabs.o(i.fabs) for fabs
    rred.o(i.__ieee754_rem_pio2) refers to dmul.o(.text) for __aeabi_dmul
    rred.o(i.__ieee754_rem_pio2) refers to dfixi.o(.text) for __aeabi_d2iz
    rred.o(i.__ieee754_rem_pio2) refers to dflti.o(.text) for __aeabi_i2d
    rred.o(i.__ieee754_rem_pio2) refers to dfltui.o(.text) for __aeabi_ui2d
    rred.o(i.__ieee754_rem_pio2) refers to rred.o(.constdata) for .constdata
    rred.o(i.__use_accurate_range_reduction) refers (Special) to iusefp.o(.text) for __I$use$fp
    rred.o(.constdata) refers (Special) to iusefp.o(.text) for __I$use$fp
    sin_i.o(i.__kernel_sin) refers (Special) to iusefp.o(.text) for __I$use$fp
    sin_i.o(i.__kernel_sin) refers to fpclassify.o(i.__ARM_fpclassify) for __ARM_fpclassify
    sin_i.o(i.__kernel_sin) refers to dunder.o(i.__mathlib_dbl_underflow) for __mathlib_dbl_underflow
    sin_i.o(i.__kernel_sin) refers to dmul.o(.text) for __aeabi_dmul
    sin_i.o(i.__kernel_sin) refers to poly.o(i.__kernel_poly) for __kernel_poly
    sin_i.o(i.__kernel_sin) refers to dadd.o(.text) for __aeabi_dsub
    sin_i.o(i.__kernel_sin) refers to sin_i.o(.constdata) for .constdata
    sin_i.o(.constdata) refers (Special) to iusefp.o(.text) for __I$use$fp
    sin_i_x.o(i.____kernel_sin$lsc) refers (Special) to iusefp.o(.text) for __I$use$fp
    sin_i_x.o(i.____kernel_sin$lsc) refers to dmul.o(.text) for __aeabi_dmul
    sin_i_x.o(i.____kernel_sin$lsc) refers to poly.o(i.__kernel_poly) for __kernel_poly
    sin_i_x.o(i.____kernel_sin$lsc) refers to dadd.o(.text) for __aeabi_dsub
    sin_i_x.o(i.____kernel_sin$lsc) refers to sin_i_x.o(.constdata) for .constdata
    sin_i_x.o(.constdata) refers (Special) to iusefp.o(.text) for __I$use$fp
    entry2.o(.ARM.Collect$$$$00000001) refers to entry2.o(.ARM.Collect$$$$00002712) for __lit__00000000
    entry2.o(.ARM.Collect$$$$00002712) refers to startup_tm4c123.o(STACK) for __initial_sp
    entry2.o(__vectab_stack_and_reset_area) refers to startup_tm4c123.o(STACK) for __initial_sp
    entry2.o(__vectab_stack_and_reset_area) refers to entry.o(.ARM.Collect$$$$00000000) for __main
    entry5.o(.ARM.Collect$$$$00000004) refers to init.o(.text) for __scatterload
    entry9a.o(.ARM.Collect$$$$0000000B) refers to main.o(.text) for main
    entry9b.o(.ARM.Collect$$$$0000000C) refers to main.o(.text) for main
    fputc.o(i.fputc) refers (Special) to iusesemip.o(.text) for __I$use$semihosting$fputc
    fputc.o(i.fputc) refers (Special) to semi.o(.text) for __semihosting_library_function
    uldiv.o(.text) refers to llushr.o(.text) for __aeabi_llsr
    uldiv.o(.text) refers to llshl.o(.text) for __aeabi_llsl
    errno.o(i.__aeabi_errno_addr) refers to errno.o(.data) for .data
    errno.o(i.__read_errno) refers to errno.o(.data) for .data
    errno.o(i.__set_errno) refers to errno.o(.data) for .data
    strtod.o(.text) refers to scanf_fp.o(.text) for _scanf_real
    strtod.o(.text) refers to _sgetc.o(.text) for _sgetc
    strtod.o(.text) refers to isspace_c.o(.text) for isspace
    depilogue.o(.text) refers to llshl.o(.text) for __aeabi_llsl
    depilogue.o(.text) refers to llushr.o(.text) for __aeabi_llsr
    ddiv.o(.text) refers to depilogue.o(.text) for _double_round
    dsqrt.o(.text) refers to llushr.o(.text) for __aeabi_llsr
    dsqrt.o(.text) refers to depilogue.o(.text) for _double_round
    dflti.o(.text) refers to depilogue.o(.text) for _double_epilogue
    dfixul.o(.text) refers to llushr.o(.text) for __aeabi_llsr
    dfixul.o(.text) refers to llshl.o(.text) for __aeabi_llsl
    init.o(.text) refers to entry5.o(.ARM.Collect$$$$00000004) for __main_after_scatterload
    isspace_c.o(.text) refers to ctype_c.o(.text) for __ctype_lookup
    scanf_fp.o(.text) refers (Special) to iusefp.o(.text) for __I$use$fp
    scanf_fp.o(.text) refers to dfltul.o(.text) for __aeabi_ul2d
    scanf_fp.o(.text) refers to dmul.o(.text) for __aeabi_dmul
    scanf_fp.o(.text) refers to ddiv.o(.text) for __aeabi_ddiv
    scanf_fp.o(.text) refers to scanf_fp.o(i._is_digit) for _is_digit
    scanf_fp.o(.text) refers to d2f.o(.text) for __aeabi_d2f
    dfltui.o(.text) refers to depilogue.o(.text) for _double_epilogue
    dfixi.o(.text) refers to llushr.o(.text) for __aeabi_llsr
    ctype_c.o(.text) refers to ctype_c.o(.constdata) for .constdata
    dfltul.o(.text) refers to depilogue.o(.text) for _double_epilogue
    scanf_fp.o(i._is_digit) refers (Special) to iusefp.o(.text) for __I$use$fp


==============================================================================

Removing Unused input sections from the image.

    Removing startup_tm4c123.o(HEAP), (0 bytes).
    Removing dneg.o(.text), (6 bytes).
    Removing dfixul.o(.text), (48 bytes).
    Removing cdcmple.o(.text), (40 bytes).

4 unused section(s) (total 94 bytes) removed from the image.

==============================================================================

Image Symbol Table

    Local Symbols

    Symbol Name                              Value     Ov Type        Size  Object(Section)

    RESET                                    0x00000000   Section      620  startup_tm4c123.o(RESET)
    ../clib/microlib/ctype/ctype.c           0x00000000   Number         0  isspace_c.o ABSOLUTE
    ../clib/microlib/ctype/ctype.c           0x00000000   Number         0  ctype_c.o ABSOLUTE
    ../clib/microlib/division.c              0x00000000   Number         0  uidiv.o ABSOLUTE
    ../clib/microlib/division.c              0x00000000   Number         0  uldiv.o ABSOLUTE
    ../clib/microlib/errno.c                 0x00000000   Number         0  errno.o ABSOLUTE
    ../clib/microlib/init/entry.s            0x00000000   Number         0  entry8a.o ABSOLUTE
    ../clib/microlib/init/entry.s            0x00000000   Number         0  entry11b.o ABSOLUTE
    ../clib/microlib/init/entry.s            0x00000000   Number         0  entry10b.o ABSOLUTE
    ../clib/microlib/init/entry.s            0x00000000   Number         0  entry9a.o ABSOLUTE
    ../clib/microlib/init/entry.s            0x00000000   Number         0  entry9b.o ABSOLUTE
    ../clib/microlib/init/entry.s            0x00000000   Number         0  entry10a.o ABSOLUTE
    ../clib/microlib/init/entry.s            0x00000000   Number         0  entry7a.o ABSOLUTE
    ../clib/microlib/init/entry.s            0x00000000   Number         0  entry7b.o ABSOLUTE
    ../clib/microlib/init/entry.s            0x00000000   Number         0  entry5.o ABSOLUTE
    ../clib/microlib/init/entry.s            0x00000000   Number         0  entry2.o ABSOLUTE
    ../clib/microlib/init/entry.s            0x00000000   Number         0  entry8b.o ABSOLUTE
    ../clib/microlib/init/entry.s            0x00000000   Number         0  entry11a.o ABSOLUTE
    ../clib/microlib/init/entry.s            0x00000000   Number         0  entry.o ABSOLUTE
    ../clib/microlib/longlong.c              0x00000000   Number         0  llsshr.o ABSOLUTE
    ../clib/microlib/longlong.c              0x00000000   Number         0  llshl.o ABSOLUTE
    ../clib/microlib/longlong.c              0x00000000   Number         0  llushr.o ABSOLUTE
    ../clib/microlib/printf/printf.c         0x00000000   Number         0  printfa.o ABSOLUTE
    ../clib/microlib/printf/printf.c         0x00000000   Number         0  printf8.o ABSOLUTE
    ../clib/microlib/printf/printf.c         0x00000000   Number         0  printf7.o ABSOLUTE
    ../clib/microlib/printf/printf.c         0x00000000   Number         0  printf6.o ABSOLUTE
    ../clib/microlib/printf/printf.c         0x00000000   Number         0  printf5.o ABSOLUTE
    ../clib/microlib/printf/printf.c         0x00000000   Number         0  printf4.o ABSOLUTE
    ../clib/microlib/printf/printf.c         0x00000000   Number         0  printf2.o ABSOLUTE
    ../clib/microlib/printf/printf.c         0x00000000   Number         0  printf0.o ABSOLUTE
    ../clib/microlib/printf/printf.c         0x00000000   Number         0  printf1.o ABSOLUTE
    ../clib/microlib/printf/printf.c         0x00000000   Number         0  printfb.o ABSOLUTE
    ../clib/microlib/printf/printf.c         0x00000000   Number         0  printf3.o ABSOLUTE
    ../clib/microlib/printf/stubs.s          0x00000000   Number         0  stubs.o ABSOLUTE
    ../clib/microlib/stdio/fputc.c           0x00000000   Number         0  fputc.o ABSOLUTE
    ../clib/microlib/stdio/semi.s            0x00000000   Number         0  semi.o ABSOLUTE
    ../clib/microlib/stdio/streams.c         0x00000000   Number         0  stdout.o ABSOLUTE
    ../clib/microlib/string/strcmp.c         0x00000000   Number         0  strcmp.o ABSOLUTE
    ../clib/microlib/string/strcpy.c         0x00000000   Number         0  strcpy.o ABSOLUTE
    ../clib/microlib/string/strlen.c         0x00000000   Number         0  strlen.o ABSOLUTE
    ../clib/microlib/string/strtok.c         0x00000000   Number         0  strtok.o ABSOLUTE
    ../clib/microlib/string/strtok.c         0x00000000   Number         0  strtok_r.o ABSOLUTE
    ../clib/microlib/stubs.s                 0x00000000   Number         0  iusesemip.o ABSOLUTE
    ../clib/microlib/stubs.s                 0x00000000   Number         0  iusefp.o ABSOLUTE
    ../clib/scanf.c                          0x00000000   Number         0  scanf_fp.o ABSOLUTE
    ../clib/scanf.c                          0x00000000   Number         0  _sgetc.o ABSOLUTE
    ../clib/scanf.c                          0x00000000   Number         0  strtod.o ABSOLUTE
    ../fplib/microlib/d2f.c                  0x00000000   Number         0  d2f.o ABSOLUTE
    ../fplib/microlib/f2d.c                  0x00000000   Number         0  f2d.o ABSOLUTE
    ../fplib/microlib/fpadd.c                0x00000000   Number         0  dadd.o ABSOLUTE
    ../fplib/microlib/fpdiv.c                0x00000000   Number         0  ddiv.o ABSOLUTE
    ../fplib/microlib/fpepilogue.c           0x00000000   Number         0  depilogue.o ABSOLUTE
    ../fplib/microlib/fpepilogue.c           0x00000000   Number         0  fepilogue.o ABSOLUTE
    ../fplib/microlib/fpfix.c                0x00000000   Number         0  dfixi.o ABSOLUTE
    ../fplib/microlib/fpfix.c                0x00000000   Number         0  dfixul.o ABSOLUTE
    ../fplib/microlib/fpflt.c                0x00000000   Number         0  dflti.o ABSOLUTE
    ../fplib/microlib/fpflt.c                0x00000000   Number         0  dfltui.o ABSOLUTE
    ../fplib/microlib/fpflt.c                0x00000000   Number         0  dfltul.o ABSOLUTE
    ../fplib/microlib/fpmul.c                0x00000000   Number         0  dmul.o ABSOLUTE
    ../fplib/microlib/fpneg.c                0x00000000   Number         0  dneg.o ABSOLUTE
    ../fplib/microlib/fpscalb.c              0x00000000   Number         0  dscalb.o ABSOLUTE
    ../fplib/microlib/fpsqrt.c               0x00000000   Number         0  dsqrt.o ABSOLUTE
    ../mathlib/atan.c                        0x00000000   Number         0  atan.o ABSOLUTE
    ../mathlib/atan.c                        0x00000000   Number         0  atan_x.o ABSOLUTE
    ../mathlib/atan2.c                       0x00000000   Number         0  atan2_x.o ABSOLUTE
    ../mathlib/atan2.c                       0x00000000   Number         0  atan2.o ABSOLUTE
    ../mathlib/atof.c                        0x00000000   Number         0  atof.o ABSOLUTE
    ../mathlib/cos.c                         0x00000000   Number         0  cos.o ABSOLUTE
    ../mathlib/cos.c                         0x00000000   Number         0  cos_x.o ABSOLUTE
    ../mathlib/cos_i.c                       0x00000000   Number         0  cos_i.o ABSOLUTE
    ../mathlib/dunder.c                      0x00000000   Number         0  dunder.o ABSOLUTE
    ../mathlib/fabs.c                        0x00000000   Number         0  fabs.o ABSOLUTE
    ../mathlib/fpclassify.c                  0x00000000   Number         0  fpclassify.o ABSOLUTE
    ../mathlib/poly.c                        0x00000000   Number         0  poly.o ABSOLUTE
    ../mathlib/pow.c                         0x00000000   Number         0  pow.o ABSOLUTE
    ../mathlib/pow.c                         0x00000000   Number         0  pow_x.o ABSOLUTE
    ../mathlib/qnan.c                        0x00000000   Number         0  qnan.o ABSOLUTE
    ../mathlib/rred.c                        0x00000000   Number         0  rred.o ABSOLUTE
    ../mathlib/sin.c                         0x00000000   Number         0  sin.o ABSOLUTE
    ../mathlib/sin.c                         0x00000000   Number         0  sin_x.o ABSOLUTE
    ../mathlib/sin_i.c                       0x00000000   Number         0  sin_i_x.o ABSOLUTE
    ../mathlib/sin_i.c                       0x00000000   Number         0  sin_i.o ABSOLUTE
    ../mathlib/sqrt.c                        0x00000000   Number         0  sqrt_x.o ABSOLUTE
    ../mathlib/sqrt.c                        0x00000000   Number         0  sqrt.o ABSOLUTE
    APP\main.c                               0x00000000   Number         0  main.o ABSOLUTE
    APP\mainFUN.c                            0x00000000   Number         0  mainfun.o ABSOLUTE
    HAL\GPS\GPS.c                            0x00000000   Number         0  gps.o ABSOLUTE
    HAL\LCD\LCD.c                            0x00000000   Number         0  lcd.o ABSOLUTE
    HAL\LED\LED.c                            0x00000000   Number         0  led.o ABSOLUTE
    HAL\SW\SW.c                              0x00000000   Number         0  sw.o ABSOLUTE
    HAL\SW\ext_sw.c                          0x00000000   Number         0  ext_sw.o ABSOLUTE
    HAL\TFT\TFT.c                            0x00000000   Number         0  tft.o ABSOLUTE
    MCAL\EEPROM\eeprom.c                     0x00000000   Number         0  eeprom.o ABSOLUTE
    MCAL\GPIO\DIO_Driver.c                   0x00000000   Number         0  dio_driver.o ABSOLUTE
    MCAL\STK\Systick.c                       0x00000000   Number         0  systick.o ABSOLUTE
    MCAL\UART0\UART0_PC.c                    0x00000000   Number         0  uart0_pc.o ABSOLUTE
    MCAL\UART5\UART5.c                       0x00000000   Number         0  uart5.o ABSOLUTE
    cdcmple.s                                0x00000000   Number         0  cdcmple.o ABSOLUTE
    cdrcmple.s                               0x00000000   Number         0  cdrcmple.o ABSOLUTE
    dc.s                                     0x00000000   Number         0  dc.o ABSOLUTE
    handlers.s                               0x00000000   Number         0  handlers.o ABSOLUTE
    init.s                                   0x00000000   Number         0  init.o ABSOLUTE
    startup_TM4C123.s                        0x00000000   Number         0  startup_tm4c123.o ABSOLUTE
    .ARM.Collect$$$$00000000                 0x0000026c   Section        0  entry.o(.ARM.Collect$$$$00000000)
    .ARM.Collect$$$$00000001                 0x0000026c   Section        4  entry2.o(.ARM.Collect$$$$00000001)
    .ARM.Collect$$$$00000004                 0x00000270   Section        4  entry5.o(.ARM.Collect$$$$00000004)
    .ARM.Collect$$$$00000008                 0x00000274   Section        0  entry7b.o(.ARM.Collect$$$$00000008)
    .ARM.Collect$$$$0000000A                 0x00000274   Section        0  entry8b.o(.ARM.Collect$$$$0000000A)
    .ARM.Collect$$$$0000000B                 0x00000274   Section        8  entry9a.o(.ARM.Collect$$$$0000000B)
    .ARM.Collect$$$$0000000D                 0x0000027c   Section        0  entry10a.o(.ARM.Collect$$$$0000000D)
    .ARM.Collect$$$$0000000F                 0x0000027c   Section        0  entry11a.o(.ARM.Collect$$$$0000000F)
    .ARM.Collect$$$$00002712                 0x0000027c   Section        4  entry2.o(.ARM.Collect$$$$00002712)
    __lit__00000000                          0x0000027c   Data           4  entry2.o(.ARM.Collect$$$$00002712)
    .text                                    0x00000280   Section      244  startup_tm4c123.o(.text)
    $v0                                      0x00000280   Number         0  startup_tm4c123.o(.text)
    .text                                    0x00000374   Section        0  led.o(.text)
    .text                                    0x000004ac   Section        0  sw.o(.text)
    .text                                    0x00000568   Section        0  dio_driver.o(.text)
    .text                                    0x00000b68   Section        0  systick.o(.text)
    .text                                    0x00000bac   Section        0  uart5.o(.text)
    .text                                    0x00000cbc   Section        0  uart0_pc.o(.text)
    .text                                    0x00000dcc   Section        0  main.o(.text)
    .text                                    0x00000f9c   Section        0  mainfun.o(.text)
    .text                                    0x000013c4   Section        0  gps.o(.text)
    .text                                    0x00001558   Section        0  ext_sw.o(.text)
    .text                                    0x000015ac   Section        0  eeprom.o(.text)
    .text                                    0x0000189c   Section        0  strlen.o(.text)
    .text                                    0x000018aa   Section        0  strcmp.o(.text)
    .text                                    0x000018c6   Section        0  strcpy.o(.text)
    .text                                    0x000018d8   Section        0  strtok.o(.text)
    .text                                    0x0000191c   Section        0  dadd.o(.text)
    .text                                    0x00001a6a   Section        0  dmul.o(.text)
    .text                                    0x00001b4e   Section        0  f2d.o(.text)
    .text                                    0x00001b74   Section        0  d2f.o(.text)
    .text                                    0x00001bac   Section        0  uidiv.o(.text)
    .text                                    0x00001bd8   Section        0  llshl.o(.text)
    .text                                    0x00001bf6   Section        0  llsshr.o(.text)
    .text                                    0x00001c1c   Section        0  strtod.o(.text)
    _local_sscanf                            0x00001c1d   Thumb Code    54  strtod.o(.text)
    .text                                    0x00001cb8   Section        0  iusefp.o(.text)
    .text                                    0x00001cb8   Section        0  fepilogue.o(.text)
    .text                                    0x00001d24   Section        0  depilogue.o(.text)
    .text                                    0x00001de2   Section        0  ddiv.o(.text)
    .text                                    0x00001ec0   Section        0  dscalb.o(.text)
    .text                                    0x00001eee   Section        0  dsqrt.o(.text)
    .text                                    0x00001f90   Section        0  dflti.o(.text)
    .text                                    0x00001fb4   Section       40  cdrcmple.o(.text)
    .text                                    0x00001fdc   Section       36  init.o(.text)
    .text                                    0x00002000   Section        0  llushr.o(.text)
    .text                                    0x00002000   Section        0  semi.o(.text)
    .text                                    0x00002020   Section        0  isspace_c.o(.text)
    .text                                    0x0000202c   Section        0  scanf_fp.o(.text)
    _fp_value                                0x0000202d   Thumb Code   256  scanf_fp.o(.text)
    .text                                    0x00002368   Section        0  _sgetc.o(.text)
    .text                                    0x000023a8   Section        0  iusesemip.o(.text)
    .text                                    0x000023a8   Section        0  dfltui.o(.text)
    .text                                    0x000023c2   Section        0  dfixi.o(.text)
    .text                                    0x00002400   Section        0  ctype_c.o(.text)
    .text                                    0x00002428   Section        0  dfltul.o(.text)
    i.__0printf$1                            0x00002440   Section        0  printf1.o(i.__0printf$1)
    i.__ARM_fpclassify                       0x00002460   Section        0  fpclassify.o(i.__ARM_fpclassify)
    i.__hardfp_atan                          0x00002490   Section        0  atan.o(i.__hardfp_atan)
    i.__hardfp_atan2                         0x00002778   Section        0  atan2.o(i.__hardfp_atan2)
    i.__hardfp_atof                          0x00002958   Section        0  atof.o(i.__hardfp_atof)
    i.__hardfp_cos                           0x00002990   Section        0  cos.o(i.__hardfp_cos)
    i.__hardfp_pow                           0x00002a68   Section        0  pow.o(i.__hardfp_pow)
    i.__hardfp_sin                           0x000036f8   Section        0  sin.o(i.__hardfp_sin)
    i.__hardfp_sqrt                          0x000037d0   Section        0  sqrt.o(i.__hardfp_sqrt)
    i.__ieee754_rem_pio2                     0x00003850   Section        0  rred.o(i.__ieee754_rem_pio2)
    i.__kernel_cos                           0x00003ca8   Section        0  cos_i.o(i.__kernel_cos)
    i.__kernel_poly                          0x00003e18   Section        0  poly.o(i.__kernel_poly)
    i.__kernel_sin                           0x00003f10   Section        0  sin_i.o(i.__kernel_sin)
    i.__mathlib_dbl_underflow                0x00004040   Section        0  dunder.o(i.__mathlib_dbl_underflow)
    i.__read_errno                           0x00004060   Section        0  errno.o(i.__read_errno)
    i.__scatterload_copy                     0x0000406c   Section       14  handlers.o(i.__scatterload_copy)
    i.__scatterload_null                     0x0000407a   Section        2  handlers.o(i.__scatterload_null)
    i.__scatterload_zeroinit                 0x0000407c   Section       14  handlers.o(i.__scatterload_zeroinit)
    i.__set_errno                            0x0000408c   Section        0  errno.o(i.__set_errno)
    i._is_digit                              0x00004098   Section        0  scanf_fp.o(i._is_digit)
    i._printf_core                           0x000040a8   Section        0  printf1.o(i._printf_core)
    _printf_core                             0x000040a9   Thumb Code   334  printf1.o(i._printf_core)
    i.atan                                   0x000041fc   Section        0  atan.o(i.atan)
    i.fabs                                   0x0000420c   Section        0  fabs.o(i.fabs)
    i.fputc                                  0x0000422c   Section        0  fputc.o(i.fputc)
    i.sqrt                                   0x0000423e   Section        0  sqrt.o(i.sqrt)
    .constdata                               0x000042ac   Section      163  eeprom.o(.constdata)
    .constdata                               0x00004350   Section      136  pow.o(.constdata)
    bp                                       0x00004350   Data          16  pow.o(.constdata)
    dp_h                                     0x00004360   Data          16  pow.o(.constdata)
    dp_l                                     0x00004370   Data          16  pow.o(.constdata)
    L                                        0x00004380   Data          48  pow.o(.constdata)
    P                                        0x000043b0   Data          40  pow.o(.constdata)
    .constdata                               0x000043d8   Section      152  atan.o(.constdata)
    atanhi                                   0x000043d8   Data          32  atan.o(.constdata)
    atanlo                                   0x000043f8   Data          32  atan.o(.constdata)
    aTodd                                    0x00004418   Data          40  atan.o(.constdata)
    aTeven                                   0x00004440   Data          48  atan.o(.constdata)
    .constdata                               0x00004470   Section       48  cos_i.o(.constdata)
    C                                        0x00004470   Data          48  cos_i.o(.constdata)
    .constdata                               0x000044a0   Section        8  qnan.o(.constdata)
    .constdata                               0x000044a8   Section      200  rred.o(.constdata)
    pio2s                                    0x000044a8   Data          48  rred.o(.constdata)
    twooverpi                                0x000044d8   Data         152  rred.o(.constdata)
    .constdata                               0x00004570   Section       40  sin_i.o(.constdata)
    S                                        0x00004570   Data          40  sin_i.o(.constdata)
    .constdata                               0x00004598   Section       64  ctype_c.o(.constdata)
    .data                                    0x20000000   Section        2  sw.o(.data)
    .data                                    0x20000004   Section       17  mainfun.o(.data)
    .data                                    0x20000018   Section       24  gps.o(.data)
    .data                                    0x20000030   Section        4  strtok.o(.data)
    state                                    0x20000030   Data           4  strtok.o(.data)
    .data                                    0x20000034   Section        4  stdout.o(.data)
    .data                                    0x20000038   Section        4  errno.o(.data)
    _errno                                   0x20000038   Data           4  errno.o(.data)
    .bss                                     0x2000003c   Section      800  mainfun.o(.bss)
    .bss                                     0x2000035c   Section      320  gps.o(.bss)
    STACK                                    0x200004a0   Section      512  startup_tm4c123.o(STACK)

    Global Symbols

    Symbol Name                              Value     Ov Type        Size  Object(Section)

    BuildAttributes$$THM_ISAv4$E$P$D$K$B$S$7EM$VFPi3$EXTD16$VFPS$VFMA$PE$A:L22UL41UL21$X:L11$S22US41US21$IEEE1$IW$USESV6$~STKCKD$USESV7$~SHL$OTIME$ROPI$IEEEX$EBA8$MICROLIB$REQ8$PRES8$EABIv2 0x00000000   Number         0  anon$$obj.o ABSOLUTE
    __ARM_use_no_argv                        0x00000000   Number         0  main.o ABSOLUTE
    __Vectors                                0x00000000   Data           4  startup_tm4c123.o(RESET)
    _printf_a                                0x00000000   Number         0  stubs.o ABSOLUTE
    _printf_c                                0x00000000   Number         0  stubs.o ABSOLUTE
    _printf_charcount                        0x00000000   Number         0  stubs.o ABSOLUTE
    _printf_d                                0x00000000   Number         0  stubs.o ABSOLUTE
    _printf_e                                0x00000000   Number         0  stubs.o ABSOLUTE
    _printf_f                                0x00000000   Number         0  stubs.o ABSOLUTE
    _printf_flags                            0x00000000   Number         0  stubs.o ABSOLUTE
    _printf_fp_dec                           0x00000000   Number         0  stubs.o ABSOLUTE
    _printf_fp_hex                           0x00000000   Number         0  stubs.o ABSOLUTE
    _printf_g                                0x00000000   Number         0  stubs.o ABSOLUTE
    _printf_i                                0x00000000   Number         0  stubs.o ABSOLUTE
    _printf_int_dec                          0x00000000   Number         0  stubs.o ABSOLUTE
    _printf_l                                0x00000000   Number         0  stubs.o ABSOLUTE
    _printf_lc                               0x00000000   Number         0  stubs.o ABSOLUTE
    _printf_ll                               0x00000000   Number         0  stubs.o ABSOLUTE
    _printf_lld                              0x00000000   Number         0  stubs.o ABSOLUTE
    _printf_lli                              0x00000000   Number         0  stubs.o ABSOLUTE
    _printf_llo                              0x00000000   Number         0  stubs.o ABSOLUTE
    _printf_llu                              0x00000000   Number         0  stubs.o ABSOLUTE
    _printf_llx                              0x00000000   Number         0  stubs.o ABSOLUTE
    _printf_longlong_dec                     0x00000000   Number         0  stubs.o ABSOLUTE
    _printf_longlong_hex                     0x00000000   Number         0  stubs.o ABSOLUTE
    _printf_longlong_oct                     0x00000000   Number         0  stubs.o ABSOLUTE
    _printf_ls                               0x00000000   Number         0  stubs.o ABSOLUTE
    _printf_mbtowc                           0x00000000   Number         0  stubs.o ABSOLUTE
    _printf_n                                0x00000000   Number         0  stubs.o ABSOLUTE
    _printf_o                                0x00000000   Number         0  stubs.o ABSOLUTE
    _printf_p                                0x00000000   Number         0  stubs.o ABSOLUTE
    _printf_percent                          0x00000000   Number         0  stubs.o ABSOLUTE
    _printf_pre_padding                      0x00000000   Number         0  stubs.o ABSOLUTE
    _printf_return_value                     0x00000000   Number         0  stubs.o ABSOLUTE
    _printf_s                                0x00000000   Number         0  stubs.o ABSOLUTE
    _printf_sizespec                         0x00000000   Number         0  stubs.o ABSOLUTE
    _printf_str                              0x00000000   Number         0  stubs.o ABSOLUTE
    _printf_truncate_signed                  0x00000000   Number         0  stubs.o ABSOLUTE
    _printf_truncate_unsigned                0x00000000   Number         0  stubs.o ABSOLUTE
    _printf_u                                0x00000000   Number         0  stubs.o ABSOLUTE
    _printf_wc                               0x00000000   Number         0  stubs.o ABSOLUTE
    _printf_wctomb                           0x00000000   Number         0  stubs.o ABSOLUTE
    _printf_widthprec                        0x00000000   Number         0  stubs.o ABSOLUTE
    _printf_x                                0x00000000   Number         0  stubs.o ABSOLUTE
    __cpp_initialize__aeabi_                  - Undefined Weak Reference
    __cxa_finalize                            - Undefined Weak Reference
    __decompress                              - Undefined Weak Reference
    _clock_init                               - Undefined Weak Reference
    _microlib_exit                            - Undefined Weak Reference
    __Vectors_End                            0x0000026c   Data           0  startup_tm4c123.o(RESET)
    __Vectors_Size                           0x0000026c   Number         0  startup_tm4c123.o ABSOLUTE
    __main                                   0x0000026d   Thumb Code     0  entry.o(.ARM.Collect$$$$00000000)
    _main_stk                                0x0000026d   Thumb Code     0  entry2.o(.ARM.Collect$$$$00000001)
    _main_scatterload                        0x00000271   Thumb Code     0  entry5.o(.ARM.Collect$$$$00000004)
    __main_after_scatterload                 0x00000275   Thumb Code     0  entry5.o(.ARM.Collect$$$$00000004)
    _main_clock                              0x00000275   Thumb Code     0  entry7b.o(.ARM.Collect$$$$00000008)
    _main_cpp_init                           0x00000275   Thumb Code     0  entry8b.o(.ARM.Collect$$$$0000000A)
    _main_init                               0x00000275   Thumb Code     0  entry9a.o(.ARM.Collect$$$$0000000B)
    __rt_final_cpp                           0x0000027d   Thumb Code     0  entry10a.o(.ARM.Collect$$$$0000000D)
    __rt_final_exit                          0x0000027d   Thumb Code     0  entry11a.o(.ARM.Collect$$$$0000000F)
    Reset_Handler                            0x00000281   Thumb Code     4  startup_tm4c123.o(.text)
    NMI_Handler                              0x00000285   Thumb Code     2  startup_tm4c123.o(.text)
    HardFault_Handler                        0x00000287   Thumb Code     2  startup_tm4c123.o(.text)
    MemManage_Handler                        0x00000289   Thumb Code     2  startup_tm4c123.o(.text)
    BusFault_Handler                         0x0000028b   Thumb Code     2  startup_tm4c123.o(.text)
    UsageFault_Handler                       0x0000028d   Thumb Code     2  startup_tm4c123.o(.text)
    SVC_Handler                              0x0000028f   Thumb Code     2  startup_tm4c123.o(.text)
    DebugMon_Handler                         0x00000291   Thumb Code     2  startup_tm4c123.o(.text)
    PendSV_Handler                           0x00000293   Thumb Code     2  startup_tm4c123.o(.text)
    SysTick_Handler                          0x00000295   Thumb Code     2  startup_tm4c123.o(.text)
    GPIOA_Handler                            0x00000297   Thumb Code     2  startup_tm4c123.o(.text)
    GPIOB_Handler                            0x00000299   Thumb Code     2  startup_tm4c123.o(.text)
    GPIOC_Handler                            0x0000029b   Thumb Code     2  startup_tm4c123.o(.text)
    GPIOD_Handler                            0x0000029d   Thumb Code     2  startup_tm4c123.o(.text)
    GPIOE_Handler                            0x0000029f   Thumb Code     2  startup_tm4c123.o(.text)
    UART0_Handler                            0x000002a1   Thumb Code     2  startup_tm4c123.o(.text)
    UART1_Handler                            0x000002a3   Thumb Code     2  startup_tm4c123.o(.text)
    SSI0_Handler                             0x000002a5   Thumb Code     2  startup_tm4c123.o(.text)
    I2C0_Handler                             0x000002a7   Thumb Code     2  startup_tm4c123.o(.text)
    PMW0_FAULT_Handler                       0x000002a9   Thumb Code     2  startup_tm4c123.o(.text)
    PWM0_0_Handler                           0x000002ab   Thumb Code     2  startup_tm4c123.o(.text)
    PWM0_1_Handler                           0x000002ad   Thumb Code     2  startup_tm4c123.o(.text)
    PWM0_2_Handler                           0x000002af   Thumb Code     2  startup_tm4c123.o(.text)
    QEI0_Handler                             0x000002b1   Thumb Code     2  startup_tm4c123.o(.text)
    ADC0SS0_Handler                          0x000002b3   Thumb Code     2  startup_tm4c123.o(.text)
    ADC0SS1_Handler                          0x000002b5   Thumb Code     2  startup_tm4c123.o(.text)
    ADC0SS2_Handler                          0x000002b7   Thumb Code     2  startup_tm4c123.o(.text)
    ADC0SS3_Handler                          0x000002b9   Thumb Code     2  startup_tm4c123.o(.text)
    WDT0_Handler                             0x000002bb   Thumb Code     2  startup_tm4c123.o(.text)
    TIMER0A_Handler                          0x000002bd   Thumb Code     2  startup_tm4c123.o(.text)
    TIMER0B_Handler                          0x000002bf   Thumb Code     2  startup_tm4c123.o(.text)
    TIMER1A_Handler                          0x000002c1   Thumb Code     2  startup_tm4c123.o(.text)
    TIMER1B_Handler                          0x000002c3   Thumb Code     2  startup_tm4c123.o(.text)
    TIMER2A_Handler                          0x000002c5   Thumb Code     2  startup_tm4c123.o(.text)
    TIMER2B_Handler                          0x000002c7   Thumb Code     2  startup_tm4c123.o(.text)
    COMP0_Handler                            0x000002c9   Thumb Code     2  startup_tm4c123.o(.text)
    COMP1_Handler                            0x000002cb   Thumb Code     2  startup_tm4c123.o(.text)
    COMP2_Handler                            0x000002cd   Thumb Code     2  startup_tm4c123.o(.text)
    SYSCTL_Handler                           0x000002cf   Thumb Code     2  startup_tm4c123.o(.text)
    FLASH_Handler                            0x000002d1   Thumb Code     2  startup_tm4c123.o(.text)
    GPIOF_Handler                            0x000002d3   Thumb Code     2  startup_tm4c123.o(.text)
    GPIOG_Handler                            0x000002d5   Thumb Code     2  startup_tm4c123.o(.text)
    GPIOH_Handler                            0x000002d7   Thumb Code     2  startup_tm4c123.o(.text)
    UART2_Handler                            0x000002d9   Thumb Code     2  startup_tm4c123.o(.text)
    SSI1_Handler                             0x000002db   Thumb Code     2  startup_tm4c123.o(.text)
    TIMER3A_Handler                          0x000002dd   Thumb Code     2  startup_tm4c123.o(.text)
    TIMER3B_Handler                          0x000002df   Thumb Code     2  startup_tm4c123.o(.text)
    I2C1_Handler                             0x000002e1   Thumb Code     2  startup_tm4c123.o(.text)
    QEI1_Handler                             0x000002e3   Thumb Code     2  startup_tm4c123.o(.text)
    CAN0_Handler                             0x000002e5   Thumb Code     2  startup_tm4c123.o(.text)
    CAN1_Handler                             0x000002e7   Thumb Code     2  startup_tm4c123.o(.text)
    CAN2_Handler                             0x000002e9   Thumb Code     2  startup_tm4c123.o(.text)
    HIB_Handler                              0x000002eb   Thumb Code     2  startup_tm4c123.o(.text)
    USB0_Handler                             0x000002ed   Thumb Code     2  startup_tm4c123.o(.text)
    PWM0_3_Handler                           0x000002ef   Thumb Code     2  startup_tm4c123.o(.text)
    UDMA_Handler                             0x000002f1   Thumb Code     2  startup_tm4c123.o(.text)
    UDMAERR_Handler                          0x000002f3   Thumb Code     2  startup_tm4c123.o(.text)
    ADC1SS0_Handler                          0x000002f5   Thumb Code     2  startup_tm4c123.o(.text)
    ADC1SS1_Handler                          0x000002f7   Thumb Code     2  startup_tm4c123.o(.text)
    ADC1SS2_Handler                          0x000002f9   Thumb Code     2  startup_tm4c123.o(.text)
    ADC1SS3_Handler                          0x000002fb   Thumb Code     2  startup_tm4c123.o(.text)
    GPIOJ_Handler                            0x000002fd   Thumb Code     2  startup_tm4c123.o(.text)
    GPIOK_Handler                            0x000002ff   Thumb Code     2  startup_tm4c123.o(.text)
    GPIOL_Handler                            0x00000301   Thumb Code     2  startup_tm4c123.o(.text)
    SSI2_Handler                             0x00000303   Thumb Code     2  startup_tm4c123.o(.text)
    SSI3_Handler                             0x00000305   Thumb Code     2  startup_tm4c123.o(.text)
    UART3_Handler                            0x00000307   Thumb Code     2  startup_tm4c123.o(.text)
    UART4_Handler                            0x00000309   Thumb Code     2  startup_tm4c123.o(.text)
    UART5_Handler                            0x0000030b   Thumb Code     2  startup_tm4c123.o(.text)
    UART6_Handler                            0x0000030d   Thumb Code     2  startup_tm4c123.o(.text)
    UART7_Handler                            0x0000030f   Thumb Code     2  startup_tm4c123.o(.text)
    I2C2_Handler                             0x00000311   Thumb Code     2  startup_tm4c123.o(.text)
    I2C3_Handler                             0x00000313   Thumb Code     2  startup_tm4c123.o(.text)
    TIMER4A_Handler                          0x00000315   Thumb Code     2  startup_tm4c123.o(.text)
    TIMER4B_Handler                          0x00000317   Thumb Code     2  startup_tm4c123.o(.text)
    TIMER5A_Handler                          0x00000319   Thumb Code     2  startup_tm4c123.o(.text)
    TIMER5B_Handler                          0x0000031b   Thumb Code     2  startup_tm4c123.o(.text)
    WTIMER0A_Handler                         0x0000031d   Thumb Code     2  startup_tm4c123.o(.text)
    WTIMER0B_Handler                         0x0000031f   Thumb Code     2  startup_tm4c123.o(.text)
    WTIMER1A_Handler                         0x00000321   Thumb Code     2  startup_tm4c123.o(.text)
    WTIMER1B_Handler                         0x00000323   Thumb Code     2  startup_tm4c123.o(.text)
    WTIMER2A_Handler                         0x00000325   Thumb Code     2  startup_tm4c123.o(.text)
    WTIMER2B_Handler                         0x00000327   Thumb Code     2  startup_tm4c123.o(.text)
    WTIMER3A_Handler                         0x00000329   Thumb Code     2  startup_tm4c123.o(.text)
    WTIMER3B_Handler                         0x0000032b   Thumb Code     2  startup_tm4c123.o(.text)
    WTIMER4A_Handler                         0x0000032d   Thumb Code     2  startup_tm4c123.o(.text)
    WTIMER4B_Handler                         0x0000032f   Thumb Code     2  startup_tm4c123.o(.text)
    WTIMER5A_Handler                         0x00000331   Thumb Code     2  startup_tm4c123.o(.text)
    WTIMER5B_Handler                         0x00000333   Thumb Code     2  startup_tm4c123.o(.text)
    FPU_Handler                              0x00000335   Thumb Code     2  startup_tm4c123.o(.text)
    I2C4_Handler                             0x00000337   Thumb Code     2  startup_tm4c123.o(.text)
    I2C5_Handler                             0x00000339   Thumb Code     2  startup_tm4c123.o(.text)
    GPIOM_Handler                            0x0000033b   Thumb Code     2  startup_tm4c123.o(.text)
    GPION_Handler                            0x0000033d   Thumb Code     2  startup_tm4c123.o(.text)
    QEI2_Handler                             0x0000033f   Thumb Code     2  startup_tm4c123.o(.text)
    GPIOP0_Handler                           0x00000341   Thumb Code     2  startup_tm4c123.o(.text)
    GPIOP1_Handler                           0x00000343   Thumb Code     2  startup_tm4c123.o(.text)
    GPIOP2_Handler                           0x00000345   Thumb Code     2  startup_tm4c123.o(.text)
    GPIOP3_Handler                           0x00000347   Thumb Code     2  startup_tm4c123.o(.text)
    GPIOP4_Handler                           0x00000349   Thumb Code     2  startup_tm4c123.o(.text)
    GPIOP5_Handler                           0x0000034b   Thumb Code     2  startup_tm4c123.o(.text)
    GPIOP6_Handler                           0x0000034d   Thumb Code     2  startup_tm4c123.o(.text)
    GPIOP7_Handler                           0x0000034f   Thumb Code     2  startup_tm4c123.o(.text)
    GPIOQ0_Handler                           0x00000351   Thumb Code     2  startup_tm4c123.o(.text)
    GPIOQ1_Handler                           0x00000353   Thumb Code     2  startup_tm4c123.o(.text)
    GPIOQ2_Handler                           0x00000355   Thumb Code     2  startup_tm4c123.o(.text)
    GPIOQ3_Handler                           0x00000357   Thumb Code     2  startup_tm4c123.o(.text)
    GPIOQ4_Handler                           0x00000359   Thumb Code     2  startup_tm4c123.o(.text)
    GPIOQ5_Handler                           0x0000035b   Thumb Code     2  startup_tm4c123.o(.text)
    GPIOQ6_Handler                           0x0000035d   Thumb Code     2  startup_tm4c123.o(.text)
    GPIOQ7_Handler                           0x0000035f   Thumb Code     2  startup_tm4c123.o(.text)
    GPIOR_Handler                            0x00000361   Thumb Code     2  startup_tm4c123.o(.text)
    GPIOS_Handler                            0x00000363   Thumb Code     2  startup_tm4c123.o(.text)
    PMW1_0_Handler                           0x00000365   Thumb Code     2  startup_tm4c123.o(.text)
    PWM1_1_Handler                           0x00000367   Thumb Code     2  startup_tm4c123.o(.text)
    PWM1_2_Handler                           0x00000369   Thumb Code     2  startup_tm4c123.o(.text)
    PWM1_3_Handler                           0x0000036b   Thumb Code     2  startup_tm4c123.o(.text)
    PWM1_FAULT_Handler                       0x0000036d   Thumb Code     2  startup_tm4c123.o(.text)
    LED_LedInit                              0x00000375   Thumb Code   130  led.o(.text)
    LED_LedOn                                0x000003f7   Thumb Code    68  led.o(.text)
    LED_LedOff                               0x0000043b   Thumb Code    68  led.o(.text)
    LED_OffAll                               0x0000047f   Thumb Code    16  led.o(.text)
    SW_Init                                  0x000004ad   Thumb Code    54  sw.o(.text)
    SW_Read                                  0x000004e3   Thumb Code    38  sw.o(.text)
    SW_ispressed                             0x00000509   Thumb Code    84  sw.o(.text)
    DIO_vPORTINIT                            0x00000569   Thumb Code   568  dio_driver.o(.text)
    DIO_vSETPINDIR                           0x000007a1   Thumb Code   276  dio_driver.o(.text)
    DIO_vWRITEPIN                            0x000008b5   Thumb Code   444  dio_driver.o(.text)
    DIO_vTOGGLEPIN                           0x00000a71   Thumb Code   204  dio_driver.o(.text)
    SysTick_Init                             0x00000b69   Thumb Code    14  systick.o(.text)
    SysTick_Wait_10ms                        0x00000b77   Thumb Code    28  systick.o(.text)
    SysTick_Wait                             0x00000b93   Thumb Code    22  systick.o(.text)
    UART5Init                                0x00000bad   Thumb Code   112  uart5.o(.text)
    UART5_ReadAvailable                      0x00000c1d   Thumb Code    20  uart5.o(.text)
    UART5_read                               0x00000c31   Thumb Code    20  uart5.o(.text)
    UART5_write                              0x00000c45   Thumb Code    18  uart5.o(.text)
    U5_getCommand                            0x00000c57   Thumb Code    44  uart5.o(.text)
    UART5_Available                          0x00000c83   Thumb Code    20  uart5.o(.text)
    U5_printstr                              0x00000c97   Thumb Code    22  uart5.o(.text)
    UART0_INIT                               0x00000cbd   Thumb Code   128  uart0_pc.o(.text)
    UART0_Available                          0x00000d3d   Thumb Code    20  uart0_pc.o(.text)
    UART0_read                               0x00000d51   Thumb Code    20  uart0_pc.o(.text)
    UART0_write                              0x00000d65   Thumb Code    20  uart0_pc.o(.text)
    getCommand                               0x00000d79   Thumb Code    46  uart0_pc.o(.text)
    printstr                                 0x00000da7   Thumb Code    22  uart0_pc.o(.text)
    main                                     0x00000dcd   Thumb Code   448  main.o(.text)
    swich2check                              0x00000f9d   Thumb Code    40  mainfun.o(.text)
    isDestination                            0x00000fc5   Thumb Code    46  mainfun.o(.text)
    StoreINarray                             0x00000ff3   Thumb Code    68  mainfun.o(.text)
    SWex_ispressed                           0x00001037   Thumb Code    18  mainfun.o(.text)
    ToDeg                                    0x00001049   Thumb Code    60  mainfun.o(.text)
    ToRad                                    0x00001085   Thumb Code    76  mainfun.o(.text)
    Distance                                 0x000010d1   Thumb Code   570  mainfun.o(.text)
    mainProgram                              0x0000130b   Thumb Code   186  mainfun.o(.text)
    GPS_read                                 0x000013c5   Thumb Code    80  gps.o(.text)
    GPS_format                               0x00001415   Thumb Code   252  gps.o(.text)
    getCurrentLongitude                      0x00001511   Thumb Code     8  gps.o(.text)
    getCurrentLatitude                       0x00001519   Thumb Code     8  gps.o(.text)
    getCurrentSpeed                          0x00001521   Thumb Code     8  gps.o(.text)
    ex_sw_init                               0x00001559   Thumb Code    60  ext_sw.o(.text)
    ex_SW_Read                               0x00001595   Thumb Code    10  ext_sw.o(.text)
    delay_n                                  0x000015ad   Thumb Code    12  eeprom.o(.text)
    eeprom_start                             0x000015b9   Thumb Code   110  eeprom.o(.text)
    eeprom_error_recovery                    0x00001627   Thumb Code    20  eeprom.o(.text)
    eeprom_init                              0x0000163b   Thumb Code    54  eeprom.o(.text)
    eeprom_write                             0x00001671   Thumb Code    36  eeprom.o(.text)
    eeprom_read                              0x00001695   Thumb Code    36  eeprom.o(.text)
    store_array_to_eeprom                    0x000016b9   Thumb Code   192  eeprom.o(.text)
    strlen                                   0x0000189d   Thumb Code    14  strlen.o(.text)
    strcmp                                   0x000018ab   Thumb Code    28  strcmp.o(.text)
    strcpy                                   0x000018c7   Thumb Code    18  strcpy.o(.text)
    strtok                                   0x000018d9   Thumb Code    62  strtok.o(.text)
    __aeabi_dadd                             0x0000191d   Thumb Code   322  dadd.o(.text)
    __aeabi_dsub                             0x00001a5f   Thumb Code     6  dadd.o(.text)
    __aeabi_drsub                            0x00001a65   Thumb Code     6  dadd.o(.text)
    __aeabi_dmul                             0x00001a6b   Thumb Code   228  dmul.o(.text)
    __aeabi_f2d                              0x00001b4f   Thumb Code    38  f2d.o(.text)
    __aeabi_d2f                              0x00001b75   Thumb Code    56  d2f.o(.text)
    __aeabi_uidiv                            0x00001bad   Thumb Code     0  uidiv.o(.text)
    __aeabi_uidivmod                         0x00001bad   Thumb Code    44  uidiv.o(.text)
    __aeabi_llsl                             0x00001bd9   Thumb Code    30  llshl.o(.text)
    _ll_shift_l                              0x00001bd9   Thumb Code     0  llshl.o(.text)
    __aeabi_lasr                             0x00001bf7   Thumb Code    36  llsshr.o(.text)
    _ll_sshift_r                             0x00001bf7   Thumb Code     0  llsshr.o(.text)
    __strtod_int                             0x00001c53   Thumb Code    88  strtod.o(.text)
    __I$use$fp                               0x00001cb9   Thumb Code     0  iusefp.o(.text)
    _float_round                             0x00001cb9   Thumb Code    18  fepilogue.o(.text)
    _float_epilogue                          0x00001ccb   Thumb Code    90  fepilogue.o(.text)
    _double_round                            0x00001d25   Thumb Code    26  depilogue.o(.text)
    _double_epilogue                         0x00001d3f   Thumb Code   164  depilogue.o(.text)
    __aeabi_ddiv                             0x00001de3   Thumb Code   222  ddiv.o(.text)
    __ARM_scalbn                             0x00001ec1   Thumb Code    46  dscalb.o(.text)
    scalbn                                   0x00001ec1   Thumb Code     0  dscalb.o(.text)
    _dsqrt                                   0x00001eef   Thumb Code   162  dsqrt.o(.text)
    __aeabi_i2d                              0x00001f91   Thumb Code    34  dflti.o(.text)
    __aeabi_cdrcmple                         0x00001fb5   Thumb Code    38  cdrcmple.o(.text)
    __scatterload                            0x00001fdd   Thumb Code    28  init.o(.text)
    __scatterload_rt2                        0x00001fdd   Thumb Code     0  init.o(.text)
    __aeabi_llsr                             0x00002001   Thumb Code    32  llushr.o(.text)
    __semihosting_library_function           0x00002001   Thumb Code     0  semi.o(.text)
    _ll_ushift_r                             0x00002001   Thumb Code     0  llushr.o(.text)
    isspace                                  0x00002021   Thumb Code    10  isspace_c.o(.text)
    _scanf_real                              0x0000212d   Thumb Code     0  scanf_fp.o(.text)
    _scanf_really_real                       0x0000212d   Thumb Code   560  scanf_fp.o(.text)
    _sgetc                                   0x00002369   Thumb Code    30  _sgetc.o(.text)
    _sbackspace                              0x00002387   Thumb Code    34  _sgetc.o(.text)
    __I$use$semihosting$fputc                0x000023a9   Thumb Code     0  iusesemip.o(.text)
    __aeabi_ui2d                             0x000023a9   Thumb Code    26  dfltui.o(.text)
    __aeabi_d2iz                             0x000023c3   Thumb Code    62  dfixi.o(.text)
    __ctype_lookup                           0x00002401   Thumb Code    34  ctype_c.o(.text)
    __aeabi_ul2d                             0x00002429   Thumb Code    24  dfltul.o(.text)
    __0printf$1                              0x00002441   Thumb Code    22  printf1.o(i.__0printf$1)
    __1printf$1                              0x00002441   Thumb Code     0  printf1.o(i.__0printf$1)
    __2printf                                0x00002441   Thumb Code     0  printf1.o(i.__0printf$1)
    __ARM_fpclassify                         0x00002461   Thumb Code    48  fpclassify.o(i.__ARM_fpclassify)
    __hardfp_atan                            0x00002491   Thumb Code   636  atan.o(i.__hardfp_atan)
    __hardfp_atan2                           0x00002779   Thumb Code   416  atan2.o(i.__hardfp_atan2)
    __hardfp_atof                            0x00002959   Thumb Code    44  atof.o(i.__hardfp_atof)
    __hardfp_cos                             0x00002991   Thumb Code   200  cos.o(i.__hardfp_cos)
    __hardfp_pow                             0x00002a69   Thumb Code  3132  pow.o(i.__hardfp_pow)
    __hardfp_sin                             0x000036f9   Thumb Code   200  sin.o(i.__hardfp_sin)
    __hardfp_sqrt                            0x000037d1   Thumb Code   122  sqrt.o(i.__hardfp_sqrt)
    __ieee754_rem_pio2                       0x00003851   Thumb Code   972  rred.o(i.__ieee754_rem_pio2)
    __kernel_cos                             0x00003ca9   Thumb Code   322  cos_i.o(i.__kernel_cos)
    __kernel_poly                            0x00003e19   Thumb Code   248  poly.o(i.__kernel_poly)
    __kernel_sin                             0x00003f11   Thumb Code   280  sin_i.o(i.__kernel_sin)
    __mathlib_dbl_underflow                  0x00004041   Thumb Code    24  dunder.o(i.__mathlib_dbl_underflow)
    __read_errno                             0x00004061   Thumb Code     6  errno.o(i.__read_errno)
    __scatterload_copy                       0x0000406d   Thumb Code    14  handlers.o(i.__scatterload_copy)
    __scatterload_null                       0x0000407b   Thumb Code     2  handlers.o(i.__scatterload_null)
    __scatterload_zeroinit                   0x0000407d   Thumb Code    14  handlers.o(i.__scatterload_zeroinit)
    __set_errno                              0x0000408d   Thumb Code     6  errno.o(i.__set_errno)
    _is_digit                                0x00004099   Thumb Code    14  scanf_fp.o(i._is_digit)
    atan                                     0x000041fd   Thumb Code    16  atan.o(i.atan)
    fabs                                     0x0000420d   Thumb Code    32  fabs.o(i.fabs)
    fputc                                    0x0000422d   Thumb Code    18  fputc.o(i.fputc)
    sqrt                                     0x0000423f   Thumb Code   110  sqrt.o(i.sqrt)
    __mathlib_zero                           0x000044a0   Data           8  qnan.o(.constdata)
    __ctype_categories                       0x00004598   Data          64  ctype_c.o(.constdata)
    Region$$Table$$Base                      0x000045d8   Number         0  anon$$obj.o(Region$$Table)
    Region$$Table$$Limit                     0x000045f8   Number         0  anon$$obj.o(Region$$Table)
    button_in                                0x20000000   Data           1  sw.o(.data)
    button_prev                              0x20000001   Data           1  sw.o(.data)
    destLongitude                            0x20000004   Data           4  mainfun.o(.data)
    destLatitude                             0x20000008   Data           4  mainfun.o(.data)
    i                                        0x2000000c   Data           1  mainfun.o(.data)
    distance                                 0x20000010   Data           4  mainfun.o(.data)
    swich2                                   0x20000014   Data           1  mainfun.o(.data)
    GPS_logName                              0x20000018   Data           8  gps.o(.data)
    currentLongitude                         0x20000020   Data           4  gps.o(.data)
    currentLatitude                          0x20000024   Data           4  gps.o(.data)
    currentSpeed                             0x20000028   Data           4  gps.o(.data)
    token                                    0x2000002c   Data           4  gps.o(.data)
    __stdout                                 0x20000034   Data           4  stdout.o(.data)
    lon_lat                                  0x2000003c   Data         800  mainfun.o(.bss)
    GPS                                      0x2000035c   Data          80  gps.o(.bss)
    GPS_formated                             0x200003ac   Data         240  gps.o(.bss)
    __initial_sp                             0x200006a0   Data           0  startup_tm4c123.o(STACK)



==============================================================================

Memory Map of the image

  Image Entry point : 0x00000281

  Load Region LR_1 (Base: 0x00000000, Size: 0x00004634, Max: 0xffffffff, ABSOLUTE)

    Execution Region ER_RO (Base: 0x00000000, Size: 0x000045f8, Max: 0xffffffff, ABSOLUTE)

    Base Addr    Size         Type   Attr      Idx    E Section Name        Object

    0x00000000   0x0000026c   Data   RO            3    RESET               startup_tm4c123.o
    0x0000026c   0x00000000   Code   RO          385  * .ARM.Collect$$$$00000000  mc_w.l(entry.o)
    0x0000026c   0x00000004   Code   RO          712    .ARM.Collect$$$$00000001  mc_w.l(entry2.o)
    0x00000270   0x00000004   Code   RO          715    .ARM.Collect$$$$00000004  mc_w.l(entry5.o)
    0x00000274   0x00000000   Code   RO          717    .ARM.Collect$$$$00000008  mc_w.l(entry7b.o)
    0x00000274   0x00000000   Code   RO          719    .ARM.Collect$$$$0000000A  mc_w.l(entry8b.o)
    0x00000274   0x00000008   Code   RO          720    .ARM.Collect$$$$0000000B  mc_w.l(entry9a.o)
    0x0000027c   0x00000000   Code   RO          722    .ARM.Collect$$$$0000000D  mc_w.l(entry10a.o)
    0x0000027c   0x00000000   Code   RO          724    .ARM.Collect$$$$0000000F  mc_w.l(entry11a.o)
    0x0000027c   0x00000004   Code   RO          713    .ARM.Collect$$$$00002712  mc_w.l(entry2.o)
    0x00000280   0x000000f4   Code   RO            4  * .text               startup_tm4c123.o
    0x00000374   0x00000138   Code   RO           35    .text               led.o
    0x000004ac   0x000000bc   Code   RO           56    .text               sw.o
    0x00000568   0x00000600   Code   RO           93    .text               dio_driver.o
    0x00000b68   0x00000044   Code   RO          114    .text               systick.o
    0x00000bac   0x00000110   Code   RO          132    .text               uart5.o
    0x00000cbc   0x00000110   Code   RO          159    .text               uart0_pc.o
    0x00000dcc   0x000001d0   Code   RO          177    .text               main.o
    0x00000f9c   0x00000428   Code   RO          232    .text               mainfun.o
    0x000013c4   0x00000194   Code   RO          252    .text               gps.o
    0x00001558   0x00000054   Code   RO          277    .text               ext_sw.o
    0x000015ac   0x000002f0   Code   RO          292    .text               eeprom.o
    0x0000189c   0x0000000e   Code   RO          388    .text               mc_w.l(strlen.o)
    0x000018aa   0x0000001c   Code   RO          390    .text               mc_w.l(strcmp.o)
    0x000018c6   0x00000012   Code   RO          392    .text               mc_w.l(strcpy.o)
    0x000018d8   0x00000044   Code   RO          394    .text               mc_w.l(strtok.o)
    0x0000191c   0x0000014e   Code   RO          661    .text               mf_w.l(dadd.o)
    0x00001a6a   0x000000e4   Code   RO          663    .text               mf_w.l(dmul.o)
    0x00001b4e   0x00000026   Code   RO          667    .text               mf_w.l(f2d.o)
    0x00001b74   0x00000038   Code   RO          669    .text               mf_w.l(d2f.o)
    0x00001bac   0x0000002c   Code   RO          729    .text               mc_w.l(uidiv.o)
    0x00001bd8   0x0000001e   Code   RO          733    .text               mc_w.l(llshl.o)
    0x00001bf6   0x00000024   Code   RO          735    .text               mc_w.l(llsshr.o)
    0x00001c1a   0x00000002   PAD
    0x00001c1c   0x0000009c   Code   RO          744    .text               mc_w.l(strtod.o)
    0x00001cb8   0x00000000   Code   RO          746    .text               mc_w.l(iusefp.o)
    0x00001cb8   0x0000006c   Code   RO          747    .text               mf_w.l(fepilogue.o)
    0x00001d24   0x000000be   Code   RO          749    .text               mf_w.l(depilogue.o)
    0x00001de2   0x000000de   Code   RO          751    .text               mf_w.l(ddiv.o)
    0x00001ec0   0x0000002e   Code   RO          753    .text               mf_w.l(dscalb.o)
    0x00001eee   0x000000a2   Code   RO          755    .text               mf_w.l(dsqrt.o)
    0x00001f90   0x00000022   Code   RO          757    .text               mf_w.l(dflti.o)
    0x00001fb2   0x00000002   PAD
    0x00001fb4   0x00000028   Code   RO          763    .text               mf_w.l(cdrcmple.o)
    0x00001fdc   0x00000024   Code   RO          765    .text               mc_w.l(init.o)
    0x00002000   0x00000000   Code   RO          767    .text               mc_w.l(semi.o)
    0x00002000   0x00000020   Code   RO          768    .text               mc_w.l(llushr.o)
    0x00002020   0x0000000a   Code   RO          770    .text               mc_w.l(isspace_c.o)
    0x0000202a   0x00000002   PAD
    0x0000202c   0x0000033c   Code   RO          772    .text               mc_w.l(scanf_fp.o)
    0x00002368   0x00000040   Code   RO          776    .text               mc_w.l(_sgetc.o)
    0x000023a8   0x00000000   Code   RO          778    .text               mc_w.l(iusesemip.o)
    0x000023a8   0x0000001a   Code   RO          779    .text               mf_w.l(dfltui.o)
    0x000023c2   0x0000003e   Code   RO          781    .text               mf_w.l(dfixi.o)
    0x00002400   0x00000028   Code   RO          783    .text               mc_w.l(ctype_c.o)
    0x00002428   0x00000018   Code   RO          786    .text               mf_w.l(dfltul.o)
    0x00002440   0x00000020   Code   RO          445    i.__0printf$1       mc_w.l(printf1.o)
    0x00002460   0x00000030   Code   RO          696    i.__ARM_fpclassify  m_wm.l(fpclassify.o)
    0x00002490   0x000002e8   Code   RO          671    i.__hardfp_atan     m_wm.l(atan.o)
    0x00002778   0x000001e0   Code   RO          317    i.__hardfp_atan2    m_wm.l(atan2.o)
    0x00002958   0x00000038   Code   RO          329    i.__hardfp_atof     m_wm.l(atof.o)
    0x00002990   0x000000d8   Code   RO          335    i.__hardfp_cos      m_wm.l(cos.o)
    0x00002a68   0x00000c90   Code   RO          347    i.__hardfp_pow      m_wm.l(pow.o)
    0x000036f8   0x000000d8   Code   RO          361    i.__hardfp_sin      m_wm.l(sin.o)
    0x000037d0   0x0000007a   Code   RO          373    i.__hardfp_sqrt     m_wm.l(sqrt.o)
    0x0000384a   0x00000006   PAD
    0x00003850   0x00000458   Code   RO          701    i.__ieee754_rem_pio2  m_wm.l(rred.o)
    0x00003ca8   0x00000170   Code   RO          685    i.__kernel_cos      m_wm.l(cos_i.o)
    0x00003e18   0x000000f8   Code   RO          698    i.__kernel_poly     m_wm.l(poly.o)
    0x00003f10   0x00000130   Code   RO          706    i.__kernel_sin      m_wm.l(sin_i.o)
    0x00004040   0x00000020   Code   RO          688    i.__mathlib_dbl_underflow  m_wm.l(dunder.o)
    0x00004060   0x0000000c   Code   RO          738    i.__read_errno      mc_w.l(errno.o)
    0x0000406c   0x0000000e   Code   RO          790    i.__scatterload_copy  mc_w.l(handlers.o)
    0x0000407a   0x00000002   Code   RO          791    i.__scatterload_null  mc_w.l(handlers.o)
    0x0000407c   0x0000000e   Code   RO          792    i.__scatterload_zeroinit  mc_w.l(handlers.o)
    0x0000408a   0x00000002   PAD
    0x0000408c   0x0000000c   Code   RO          739    i.__set_errno       mc_w.l(errno.o)
    0x00004098   0x0000000e   Code   RO          774    i._is_digit         mc_w.l(scanf_fp.o)
    0x000040a6   0x00000002   PAD
    0x000040a8   0x00000154   Code   RO          452    i._printf_core      mc_w.l(printf1.o)
    0x000041fc   0x00000010   Code   RO          673    i.atan              m_wm.l(atan.o)
    0x0000420c   0x00000020   Code   RO          692    i.fabs              m_wm.l(fabs.o)
    0x0000422c   0x00000012   Code   RO          726    i.fputc             mc_w.l(fputc.o)
    0x0000423e   0x0000006e   Code   RO          375    i.sqrt              m_wm.l(sqrt.o)
    0x000042ac   0x000000a3   Data   RO          293    .constdata          eeprom.o
    0x0000434f   0x00000001   PAD
    0x00004350   0x00000088   Data   RO          350    .constdata          m_wm.l(pow.o)
    0x000043d8   0x00000098   Data   RO          674    .constdata          m_wm.l(atan.o)
    0x00004470   0x00000030   Data   RO          686    .constdata          m_wm.l(cos_i.o)
    0x000044a0   0x00000008   Data   RO          700    .constdata          m_wm.l(qnan.o)
    0x000044a8   0x000000c8   Data   RO          703    .constdata          m_wm.l(rred.o)
    0x00004570   0x00000028   Data   RO          707    .constdata          m_wm.l(sin_i.o)
    0x00004598   0x00000040   Data   RO          784    .constdata          mc_w.l(ctype_c.o)
    0x000045d8   0x00000020   Data   RO          788    Region$$Table       anon$$obj.o


    Execution Region ER_RW (Base: 0x20000000, Size: 0x0000003c, Max: 0xffffffff, ABSOLUTE)

    Base Addr    Size         Type   Attr      Idx    E Section Name        Object

    0x20000000   0x00000002   Data   RW           57    .data               sw.o
    0x20000002   0x00000002   PAD
    0x20000004   0x00000011   Data   RW          234    .data               mainfun.o
    0x20000015   0x00000003   PAD
    0x20000018   0x00000018   Data   RW          254    .data               gps.o
    0x20000030   0x00000004   Data   RW          395    .data               mc_w.l(strtok.o)
    0x20000034   0x00000004   Data   RW          728    .data               mc_w.l(stdout.o)
    0x20000038   0x00000004   Data   RW          740    .data               mc_w.l(errno.o)


    Execution Region ER_ZI (Base: 0x2000003c, Size: 0x00000664, Max: 0xffffffff, ABSOLUTE)

    Base Addr    Size         Type   Attr      Idx    E Section Name        Object

    0x2000003c   0x00000320   Zero   RW          233    .bss                mainfun.o
    0x2000035c   0x00000140   Zero   RW          253    .bss                gps.o
    0x2000049c   0x00000004   PAD
    0x200004a0   0x00000200   Zero   RW            1    STACK               startup_tm4c123.o


==============================================================================

Image component sizes


      Code (inc. data)   RO Data    RW Data    ZI Data      Debug   Object Name

      1536        172          0          0          0       1624   dio_driver.o
       752        292        163          0          0       2696   eeprom.o
        84         14          0          0          0        648   ext_sw.o
       404         48          0         24        320       2084   gps.o
         0          0          0          0          0       1444   lcd.o
       312         30          0          0          0        942   led.o
       464         16          0          0          0        887   main.o
      1064         60          0         17        800       3368   mainfun.o
       244          6        620          0        512       5348   startup_tm4c123.o
       188         12          0          2          0       1307   sw.o
        68          4          0          0          0        938   systick.o
       272         16          0          0          0       1580   uart0_pc.o
       272         16          0          0          0       4505   uart5.o

    ----------------------------------------------------------------------
      5660        686        816         48       1636      27371   Object Totals
         0          0         32          0          0          0   (incl. Generated)
         0          0          1          5          4          0   (incl. Padding)

    ----------------------------------------------------------------------

      Code (inc. data)   RO Data    RW Data    ZI Data      Debug   Library Member Name

       760        108        152          0          0        344   atan.o
       480         64          0          0          0        156   atan2.o
        56         12          0          0          0        132   atof.o
       216         16          0          0          0        152   cos.o
       368         46         48          0          0        200   cos_i.o
        32          8          0          0          0        124   dunder.o
        32          0          0          0          0        124   fabs.o
        48          0          0          0          0        124   fpclassify.o
       248          0          0          0          0        152   poly.o
      3216        310        136          0          0        216   pow.o
         0          0          8          0          0          0   qnan.o
      1112        140        200          0          0        188   rred.o
       216         16          0          0          0        152   sin.o
       304         24         40          0          0        208   sin_i.o
       232          0          0          0          0        296   sqrt.o
        64          0          0          0          0         84   _sgetc.o
        40          6         64          0          0         68   ctype_c.o
         0          0          0          0          0          0   entry.o
         0          0          0          0          0          0   entry10a.o
         0          0          0          0          0          0   entry11a.o
         8          4          0          0          0          0   entry2.o
         4          0          0          0          0          0   entry5.o
         0          0          0          0          0          0   entry7b.o
         0          0          0          0          0          0   entry8b.o
         8          4          0          0          0          0   entry9a.o
        24         12          0          4          0        136   errno.o
        18          0          0          0          0         80   fputc.o
        30          0          0          0          0          0   handlers.o
        36          8          0          0          0         68   init.o
        10          0          0          0          0         68   isspace_c.o
         0          0          0          0          0          0   iusefp.o
         0          0          0          0          0          0   iusesemip.o
        30          0          0          0          0         68   llshl.o
        36          0          0          0          0         68   llsshr.o
        32          0          0          0          0         68   llushr.o
       372         16          0          0          0        180   printf1.o
       842         12          0          0          0        216   scanf_fp.o
         0          0          0          0          0          0   semi.o
         0          0          0          4          0          0   stdout.o
        28          0          0          0          0         76   strcmp.o
        18          0          0          0          0         68   strcpy.o
        14          0          0          0          0         68   strlen.o
       156         14          0          0          0        120   strtod.o
        68          6          0          4          0         80   strtok.o
        44          0          0          0          0         80   uidiv.o
        40          2          0          0          0         68   cdrcmple.o
        56          0          0          0          0         88   d2f.o
       334          0          0          0          0        148   dadd.o
       222          0          0          0          0        100   ddiv.o
       190          0          0          0          0        176   depilogue.o
        62          0          0          0          0         80   dfixi.o
        34          0          0          0          0         76   dflti.o
        26          0          0          0          0         76   dfltui.o
        24          0          0          0          0         76   dfltul.o
       228          0          0          0          0         96   dmul.o
        46          0          0          0          0         80   dscalb.o
       162          0          0          0          0        100   dsqrt.o
        38          0          0          0          0         68   f2d.o
       108          0          0          0          0        168   fepilogue.o

    ----------------------------------------------------------------------
     10788        828        648         12          0       5564   Library Totals
        16          0          0          0          0          0   (incl. Padding)

    ----------------------------------------------------------------------

      Code (inc. data)   RO Data    RW Data    ZI Data      Debug   Library Name

      7320        744        584          0          0       2568   m_wm.l
      1882         82         64         12          0       1596   mc_w.l
      1570          2          0          0          0       1400   mf_w.l

    ----------------------------------------------------------------------
     10788        828        648         12          0       5564   Library Totals

    ----------------------------------------------------------------------

==============================================================================


      Code (inc. data)   RO Data    RW Data    ZI Data      Debug   

     16448       1514       1464         60       1636      27675   Grand Totals
     16448       1514       1464         60       1636      27675   ELF Image Totals
     16448       1514       1464         60          0          0   ROM Totals

==============================================================================

    Total RO  Size (Code + RO Data)                17912 (  17.49kB)
    Total RW  Size (RW Data + ZI Data)              1696 (   1.66kB)
    Total ROM Size (Code + RO Data + RW Data)      17972 (  17.55kB)

==============================================================================

