<html>
<body>
<pre>
<h1>µVision Build Log</h1>
<h2>Project:</h2>
F:\ASU\0.SUB\Intro To Embedded Systems\LABS\MY CODES\driverlib\driverlib.uvproj
Project File Date:  05/02/2024

<h2>Output:</h2>
Rebuild target 'driverlib'
compiling adc.c...
compiling aes.c...
compiling can.c...
compiling comp.c...
compiling cpu.c...
compiling crc.c...
compiling des.c...
compiling eeprom.c...
compiling emac.c...
compiling epi.c...
compiling flash.c...
compiling fpu.c...
compiling gpio.c...
compiling hibernate.c...
compiling i2c.c...
compiling interrupt.c...
compiling lcd.c...
compiling mpu.c...
compiling onewire.c...
compiling pwm.c...
compiling qei.c...
compiling shamd5.c...
compiling ssi.c...
compiling sw_crc.c...
compiling sysctl.c...
compiling sysexc.c...
compiling systick.c...
compiling timer.c...
compiling uart.c...
compiling udma.c...
compiling usb.c...
compiling watchdog.c...
compiling MAIN.c...
MAIN.c(48): warning:  #1-D: last line of file ends without a newline
  }
MAIN.c: 1 warning, 0 errors
assembling startup_TM4C123.s...
linking...
Program Size: Code=1560 RO-data=652 RW-data=4 ZI-data=516  
".\rvmdk\driverlib.axf" - 0 Error(s), 1 Warning(s).
</pre>
</body>
</html>
