<html>
<body>
<pre>
<h1>µVision Build Log</h1>
<h2>Project:</h2>
F:\ASU\0.SUB\Intro To Embedded Systems\LABS\MY CODES\BURNABLE\UART0.uvproj
Project File Date:  04/29/2024

<h2>Output:</h2>
Rebuild target 'Target 1'
assembling startup_TM4C123.s...
compiling uart0.c...
linking...
Program Size: Code=2134 RO-data=786 RW-data=4 ZI-data=516  
".\UART0.axf" - 0 Error(s), 0 Warning(s).
Load "F:\\ASU\\0.SUB\\Intro To Embedded Systems\\LABS\\MY CODES\\BURNABLE\\UART0.axf" 
Connecting: Mode=JTAG, Speed=1000000Hz
Erase Done.
Programming Done.
Verify OK.
</pre>
</body>
</html>
ot created
ted !
or: Could not load file 'F:\ASU\0.SUB\Intro To Embedded Systems\LABS\MY CODES\BURNABLE\UART0.axf'. Debugger aborted !
